 HPB_bot

 Timestamp is 5a9c41b6 (Sun Mar 04 18:57:58 2018)

 Preferred load address is 10000000

 Start         Length     Name                   Class
 0001:00000000 000000a5H .text$di                CODE
 0001:000000b0 0009693fH .text$mn                CODE
 0001:000969f0 000017a9H .text$x                 CODE
 0001:000981a0 0000004cH .text$yd                CODE
 0002:00000000 00000188H .idata$5                DATA
 0002:00000188 00000004H .CRT$XCA                DATA
 0002:0000018c 00000018H .CRT$XCU                DATA
 0002:000001a4 00000004H .CRT$XCZ                DATA
 0002:000001a8 00000004H .CRT$XIA                DATA
 0002:000001ac 00000014H .CRT$XIC                DATA
 0002:000001c0 00000004H .CRT$XIZ                DATA
 0002:000001c4 00000004H .CRT$XPA                DATA
 0002:000001c8 00000008H .CRT$XPX                DATA
 0002:000001d0 00000004H .CRT$XPXA               DATA
 0002:000001d4 00000004H .CRT$XPZ                DATA
 0002:000001d8 00000004H .CRT$XTA                DATA
 0002:000001dc 00000004H .CRT$XTZ                DATA
 0002:000001e0 0001d348H .rdata                  DATA
 0002:0001d528 00000074H .rdata$debug            DATA
 0002:0001d59c 00001aacH .rdata$r                DATA
 0002:0001f050 00000138H .rdata$sxdata           DATA
 0002:0001f188 00000004H .rtc$IAA                DATA
 0002:0001f18c 00000004H .rtc$IZZ                DATA
 0002:0001f190 00000004H .rtc$TAA                DATA
 0002:0001f194 00000004H .rtc$TZZ                DATA
 0002:0001f198 00002254H .xdata$x                DATA
 0002:000213f0 000000f5H .edata                  DATA
 0002:000214e8 00000028H .idata$2                DATA
 0002:00021510 00000014H .idata$3                DATA
 0002:00021524 00000188H .idata$4                DATA
 0002:000216ac 0000072eH .idata$6                DATA
 0003:00000000 00001690H .data                   DATA
 0003:00001690 00000c43H .data$r                 DATA
 0003:000022e0 000c4580H .bss                    DATA
 0004:00000000 00000058H .rsrc$01                DATA
 0004:00000060 00000180H .rsrc$02                DATA

  Address         Publics by Value              Rva+Base       Lib:Object

 0000:00000000       ___guard_fids_table        00000000     <absolute>
 0000:00000000       ___guard_fids_count        00000000     <absolute>
 0000:00000000       __except_list              00000000     <absolute>
 0000:00000000       ___guard_flags             00000000     <absolute>
 0000:0000004e       ___safe_se_handler_count   0000004e     <absolute>
 0000:00000000       ___ImageBase               10000000     <linker-defined>
 0001:000000b0       ??0CBits@@QAE@I@Z          100010b0 f   bits.obj
 0001:000000d0       ??0CBits@@QAE@PAV0@@Z      100010d0 f   bits.obj
 0001:000000f0       ??0CGenericHeader@@QAE@HH@Z 100010f0 f i bits.obj
 0001:00000120       ??0CGenericHeader@@QAE@XZ  10001120 f i bits.obj
 0001:00000130       ??8CGenericHeader@@QAEHV0@@Z 10001130 f i bits.obj
 0001:00000170       ??_H@YGXPAXIHP6EPAX0@Z@Z   10001170 f i bits.obj
 0001:000001a0       ?clear@CBits@@QAEXXZ       100011a0 f   bits.obj
 0001:000001c0       ?copy@CBits@@QAEXPAV1@@Z   100011c0 f   bits.obj
 0001:000001f0       ?freeMemory@CBits@@QAEXXZ  100011f0 f   bits.obj
 0001:00000210       ?getBit@CBits@@QAEHH@Z     10001210 f   bits.obj
 0001:00000250       ?getBits@CBits@@QAEPAEXZ   10001250 f i bits.obj
 0001:00000260       ?getHeader@CGenericHeader@@QAEPBDXZ 10001260 f i bits.obj
 0001:00000270       ?load@CBits@@QAEXPAU_iobuf@@@Z 10001270 f   bits.obj
 0001:00000390       ?numBits@CBits@@QAEIXZ     10001390 f i bits.obj
 0001:000003a0       ?randomize@CBits@@QAEXXZ   100013a0 f   bits.obj
 0001:00000400       ?read@CGenericHeader@@QAEHPAU_iobuf@@V1@@Z 10001400 f i bits.obj
 0001:00000480       ?save@CBits@@QAEXPAU_iobuf@@@Z 10001480 f   bits.obj
 0001:000004f0       ?setBit@CBits@@QAEXHH@Z    100014f0 f   bits.obj
 0001:00000540       ?setup@CBits@@QAEXH@Z      10001540 f   bits.obj
 0001:00000570       ?size@CBits@@QAEHXZ        10001570 f   bits.obj
 0001:000005b0       ?write@CGenericHeader@@QAEXPAU_iobuf@@@Z 100015b0 f i bits.obj
 0001:000005d0       _hypot                     100015d0 f i bits.obj
 0001:00000600       ??$_Allocate@H@std@@YAPAHIPAH@Z 10001600 f i bot.obj
 0001:00000630       ??$_Allocate@M@std@@YAPAMIPAM@Z 10001630 f i bot.obj
 0001:00000660       ??$_Allocate@PAUedict_s@@@std@@YAPAPAUedict_s@@IPAPAU1@@Z 10001660 f i bot.obj
 0001:00000690       ??$_Allocate@PBD@std@@YAPAPBDIPAPBD@Z 10001690 f i bot.obj
 0001:000006c0       ??$_Allocate@VCActionUtility@@@std@@YAPAVCActionUtility@@IPAV1@@Z 100016c0 f i bot.obj
 0001:000006f0       ??$_Allocate@VCRememberPosition@@@std@@YAPAVCRememberPosition@@IPAV1@@Z 100016f0 f i bot.obj
 0001:00000730       ??$_Destroy_range@U?$_Wrap_alloc@V?$allocator@H@std@@@std@@@std@@YAXPAH0AAU?$_Wrap_alloc@V?$allocator@H@std@@@0@@Z 10001730 f i bot.obj
 0001:00000740       ??$_Destroy_range@U?$_Wrap_alloc@V?$allocator@H@std@@@std@@@std@@YAXPAH0AAU?$_Wrap_alloc@V?$allocator@H@std@@@0@U_Scalar_ptr_iterator_tag@0@@Z 10001740 f i bot.obj
 0001:00000750       ??$_Destroy_range@U?$_Wrap_alloc@V?$allocator@M@std@@@std@@@std@@YAXPAM0AAU?$_Wrap_alloc@V?$allocator@M@std@@@0@@Z 10001750 f i bot.obj
 0001:00000760       ??$_Destroy_range@U?$_Wrap_alloc@V?$allocator@M@std@@@std@@@std@@YAXPAM0AAU?$_Wrap_alloc@V?$allocator@M@std@@@0@U_Scalar_ptr_iterator_tag@0@@Z 10001760 f i bot.obj
 0001:00000770       ??$_Destroy_range@U?$_Wrap_alloc@V?$allocator@PAUedict_s@@@std@@@std@@@std@@YAXPAPAUedict_s@@0AAU?$_Wrap_alloc@V?$allocator@PAUedict_s@@@std@@@0@@Z 10001770 f i bot.obj
 0001:00000780       ??$_Destroy_range@U?$_Wrap_alloc@V?$allocator@PAUedict_s@@@std@@@std@@@std@@YAXPAPAUedict_s@@0AAU?$_Wrap_alloc@V?$allocator@PAUedict_s@@@std@@@0@U_Scalar_ptr_iterator_tag@0@@Z 10001780 f i bot.obj
 0001:00000790       ??$_Destroy_range@U?$_Wrap_alloc@V?$allocator@PAVIIndividual@@@std@@@std@@@std@@YAXPAPAVIIndividual@@0AAU?$_Wrap_alloc@V?$allocator@PAVIIndividual@@@std@@@0@@Z 10001790 f i bot.obj
 0001:000007a0       ??$_Destroy_range@U?$_Wrap_alloc@V?$allocator@PAVIIndividual@@@std@@@std@@@std@@YAXPAPAVIIndividual@@0AAU?$_Wrap_alloc@V?$allocator@PAVIIndividual@@@std@@@0@U_Scalar_ptr_iterator_tag@0@@Z 100017a0 f i bot.obj
 0001:000007b0       ??$_Destroy_range@U?$_Wrap_alloc@V?$allocator@PBD@std@@@std@@@std@@YAXPAPBD0AAU?$_Wrap_alloc@V?$allocator@PBD@std@@@0@@Z 100017b0 f i bot.obj
 0001:000007c0       ??$_Destroy_range@U?$_Wrap_alloc@V?$allocator@PBD@std@@@std@@@std@@YAXPAPBD0AAU?$_Wrap_alloc@V?$allocator@PBD@std@@@0@U_Scalar_ptr_iterator_tag@0@@Z 100017c0 f i bot.obj
 0001:000007d0       ??$_Destroy_range@U?$_Wrap_alloc@V?$allocator@VCActionUtility@@@std@@@std@@@std@@YAXPAVCActionUtility@@0AAU?$_Wrap_alloc@V?$allocator@VCActionUtility@@@std@@@0@@Z 100017d0 f i bot.obj
 0001:000007e0       ??$_Destroy_range@U?$_Wrap_alloc@V?$allocator@VCActionUtility@@@std@@@std@@@std@@YAXPAVCActionUtility@@0AAU?$_Wrap_alloc@V?$allocator@VCActionUtility@@@std@@@0@U_Nonscalar_ptr_iterator_tag@0@@Z 100017e0 f i bot.obj
 0001:000007f0       ??$_Destroy_range@U?$_Wrap_alloc@V?$allocator@VCRememberPosition@@@std@@@std@@@std@@YAXPAVCRememberPosition@@0AAU?$_Wrap_alloc@V?$allocator@VCRememberPosition@@@std@@@0@@Z 100017f0 f i bot.obj
 0001:00000800       ??$_Destroy_range@U?$_Wrap_alloc@V?$allocator@VCRememberPosition@@@std@@@std@@@std@@YAXPAVCRememberPosition@@0AAU?$_Wrap_alloc@V?$allocator@VCRememberPosition@@@std@@@0@U_Nonscalar_ptr_iterator_tag@0@@Z 10001800 f i bot.obj
 0001:00000810       ??$_Destroy_range@U?$_Wrap_alloc@V?$allocator@VTSObjective@@@std@@@std@@@std@@YAXPAVTSObjective@@0AAU?$_Wrap_alloc@V?$allocator@VTSObjective@@@std@@@0@@Z 10001810 f i bot.obj
 0001:00000820       ??$_Destroy_range@U?$_Wrap_alloc@V?$allocator@VTSObjective@@@std@@@std@@@std@@YAXPAVTSObjective@@0AAU?$_Wrap_alloc@V?$allocator@VTSObjective@@@std@@@0@U_Nonscalar_ptr_iterator_tag@0@@Z 10001820 f i bot.obj
 0001:00000830       ??$_Move@PAVCRememberPosition@@PAV1@@std@@YAPAVCRememberPosition@@PAV1@00@Z 10001830 f i bot.obj
 0001:00000870       ??$_Move@PAVCRememberPosition@@PAV1@@std@@YAPAVCRememberPosition@@PAV1@00U_Nonscalar_ptr_iterator_tag@0@@Z 10001870 f i bot.obj
 0001:000008b0       ??$_Ptr_cat@HH@std@@YA?AU_Scalar_ptr_iterator_tag@0@PAH0@Z 100018b0 f i bot.obj
 0001:000008c0       ??$_Ptr_cat@MM@std@@YA?AU_Scalar_ptr_iterator_tag@0@PAM0@Z 100018c0 f i bot.obj
 0001:000008d0       ??$_Ptr_cat@MM@std@@YA?AU_Scalar_ptr_iterator_tag@0@PBMPAM@Z 100018d0 f i bot.obj
 0001:000008e0       ??$_Ptr_cat@PAUedict_s@@PAU1@@std@@YA?AU_Scalar_ptr_iterator_tag@0@PAPAUedict_s@@0@Z 100018e0 f i bot.obj
 0001:000008f0       ??$_Ptr_cat@PAVIIndividual@@PAV1@@std@@YA?AU_Scalar_ptr_iterator_tag@0@PAPAVIIndividual@@0@Z 100018f0 f i bot.obj
 0001:00000900       ??$_Ptr_cat@PBDPBD@std@@YA?AU_Scalar_ptr_iterator_tag@0@PAPBD0@Z 10001900 f i bot.obj
 0001:00000910       ??$_Ptr_cat@VCActionUtility@@V1@@std@@YA?AU_Nonscalar_ptr_iterator_tag@0@PAVCActionUtility@@0@Z 10001910 f i bot.obj
 0001:00000920       ??$_Ptr_cat@VCRememberPosition@@V1@@std@@YA?AU_Nonscalar_ptr_iterator_tag@0@PAVCRememberPosition@@0@Z 10001920 f i bot.obj
 0001:00000930       ??$_Ptr_cat@VTSObjective@@V1@@std@@YA?AU_Nonscalar_ptr_iterator_tag@0@PAVTSObjective@@0@Z 10001930 f i bot.obj
 0001:00000940       ??$_Rechecked@PAHPAH@std@@YAAAPAHAAPAHPAH@Z 10001940 f i bot.obj
 0001:00000950       ??$_Rechecked@PAMPAM@std@@YAAAPAMAAPAMPAM@Z 10001950 f i bot.obj
 0001:00000960       ??$_Rechecked@PAPAUedict_s@@PAPAU1@@std@@YAAAPAPAUedict_s@@AAPAPAU1@PAPAU1@@Z 10001960 f i bot.obj
 0001:00000970       ??$_Rechecked@PAPBDPAPBD@std@@YAAAPAPBDAAPAPBDPAPBD@Z 10001970 f i bot.obj
 0001:00000980       ??$_Rechecked@PAVCActionUtility@@PAV1@@std@@YAAAPAVCActionUtility@@AAPAV1@PAV1@@Z 10001980 f i bot.obj
 0001:00000990       ??$_Rechecked@PAVCRememberPosition@@PAV1@@std@@YAAAPAVCRememberPosition@@AAPAV1@PAV1@@Z 10001990 f i bot.obj
 0001:000009a0       ??$_Ucopy@V?$_Vector_const_iterator@V?$_Vector_val@U?$_Simple_types@M@std@@@std@@@std@@@?$vector@MV?$allocator@M@std@@@std@@IAEPAMV?$_Vector_const_iterator@V?$_Vector_val@U?$_Simple_types@M@std@@@std@@@1@0PAM@Z 100019a0 f i bot.obj
 0001:000009d0       ??$_Umove@PAH@?$vector@HV?$allocator@H@std@@@std@@IAEPAHPAH00@Z 100019d0 f i bot.obj
 0001:00000a00       ??$_Umove@PAM@?$vector@MV?$allocator@M@std@@@std@@IAEPAMPAM00@Z 10001a00 f i bot.obj
 0001:00000a30       ??$_Umove@PAPAUedict_s@@@?$vector@PAUedict_s@@V?$allocator@PAUedict_s@@@std@@@std@@IAEPAPAUedict_s@@PAPAU2@00@Z 10001a30 f i bot.obj
 0001:00000a60       ??$_Umove@PAPBD@?$vector@PBDV?$allocator@PBD@std@@@std@@IAEPAPBDPAPBD00@Z 10001a60 f i bot.obj
 0001:00000a90       ??$_Umove@PAVCActionUtility@@@?$vector@VCActionUtility@@V?$allocator@VCActionUtility@@@std@@@std@@IAEPAVCActionUtility@@PAV2@00@Z 10001a90 f i bot.obj
 0001:00000ac0       ??$_Umove@PAVCRememberPosition@@@?$vector@VCRememberPosition@@V?$allocator@VCRememberPosition@@@std@@@std@@IAEPAVCRememberPosition@@PAV2@00@Z 10001ac0 f i bot.obj
 0001:00000af0       ??$_Unchecked@PAH@std@@YAPAHPAH@Z 10001af0 f i bot.obj
 0001:00000b00       ??$_Unchecked@PAM@std@@YAPAMPAM@Z 10001b00 f i bot.obj
 0001:00000b10       ??$_Unchecked@PAPAUedict_s@@@std@@YAPAPAUedict_s@@PAPAU1@@Z 10001b10 f i bot.obj
 0001:00000b20       ??$_Unchecked@PAPBD@std@@YAPAPBDPAPBD@Z 10001b20 f i bot.obj
 0001:00000b30       ??$_Unchecked@PAVCActionUtility@@@std@@YAPAVCActionUtility@@PAV1@@Z 10001b30 f i bot.obj
 0001:00000b40       ??$_Unchecked@PAVCRememberPosition@@@std@@YAPAVCRememberPosition@@PAV1@@Z 10001b40 f i bot.obj
 0001:00000b50       ??$_Unchecked@V?$_Vector_val@U?$_Simple_types@M@std@@@std@@@std@@YAPBMV?$_Vector_const_iterator@V?$_Vector_val@U?$_Simple_types@M@std@@@std@@@0@@Z 10001b50 f i bot.obj
 0001:00000b60       ??$_Uninit_copy@$$CBMM@std@@YAPAMPBM0PAMAAU?$_Wrap_alloc@V?$allocator@M@std@@@0@U_Scalar_ptr_iterator_tag@0@@Z 10001b60 f i bot.obj
 0001:00000b90       ??$_Uninit_copy@PBMPAMU?$_Wrap_alloc@V?$allocator@M@std@@@std@@@std@@YAPAMPBM0PAMAAU?$_Wrap_alloc@V?$allocator@M@std@@@0@@Z 10001b90 f i bot.obj
 0001:00000bc0       ??$_Uninit_move@HHH@std@@YAPAHPAH00AAU?$_Wrap_alloc@V?$allocator@H@std@@@0@0U_Scalar_ptr_iterator_tag@0@@Z 10001bc0 f i bot.obj
 0001:00000bf0       ??$_Uninit_move@MMM@std@@YAPAMPAM00AAU?$_Wrap_alloc@V?$allocator@M@std@@@0@0U_Scalar_ptr_iterator_tag@0@@Z 10001bf0 f i bot.obj
 0001:00000c20       ??$_Uninit_move@PAHPAHU?$_Wrap_alloc@V?$allocator@H@std@@@std@@@std@@YAPAHPAH00AAU?$_Wrap_alloc@V?$allocator@H@std@@@0@@Z 10001c20 f i bot.obj
 0001:00000c50       ??$_Uninit_move@PAMPAMU?$_Wrap_alloc@V?$allocator@M@std@@@std@@@std@@YAPAMPAM00AAU?$_Wrap_alloc@V?$allocator@M@std@@@0@@Z 10001c50 f i bot.obj
 0001:00000c80       ??$_Uninit_move@PAPAUedict_s@@PAPAU1@U?$_Wrap_alloc@V?$allocator@PAUedict_s@@@std@@@std@@@std@@YAPAPAUedict_s@@PAPAU1@00AAU?$_Wrap_alloc@V?$allocator@PAUedict_s@@@std@@@0@@Z 10001c80 f i bot.obj
 0001:00000cb0       ??$_Uninit_move@PAPBDPAPBDU?$_Wrap_alloc@V?$allocator@PBD@std@@@std@@@std@@YAPAPBDPAPBD00AAU?$_Wrap_alloc@V?$allocator@PBD@std@@@0@@Z 10001cb0 f i bot.obj
 0001:00000ce0       ??$_Uninit_move@PAUedict_s@@PAU1@PAU1@@std@@YAPAPAUedict_s@@PAPAU1@00AAU?$_Wrap_alloc@V?$allocator@PAUedict_s@@@std@@@0@0U_Scalar_ptr_iterator_tag@0@@Z 10001ce0 f i bot.obj
 0001:00000d10       ??$_Uninit_move@PAVCActionUtility@@PAV1@U?$_Wrap_alloc@V?$allocator@VCActionUtility@@@std@@@std@@@std@@YAPAVCActionUtility@@PAV1@00AAU?$_Wrap_alloc@V?$allocator@VCActionUtility@@@std@@@0@@Z 10001d10 f i bot.obj
 0001:00000d40       ??$_Uninit_move@PAVCActionUtility@@PAV1@V?$allocator@VCActionUtility@@@std@@V1@@std@@YAPAVCActionUtility@@PAV1@00AAU?$_Wrap_alloc@V?$allocator@VCActionUtility@@@std@@@0@0U_Nonscalar_ptr_iterator_tag@0@@Z 10001d40 f i bot.obj
 0001:00000d80       ??$_Uninit_move@PAVCRememberPosition@@PAV1@U?$_Wrap_alloc@V?$allocator@VCRememberPosition@@@std@@@std@@@std@@YAPAVCRememberPosition@@PAV1@00AAU?$_Wrap_alloc@V?$allocator@VCRememberPosition@@@std@@@0@@Z 10001d80 f i bot.obj
 0001:00000db0       ??$_Uninit_move@PAVCRememberPosition@@PAV1@V?$allocator@VCRememberPosition@@@std@@V1@@std@@YAPAVCRememberPosition@@PAV1@00AAU?$_Wrap_alloc@V?$allocator@VCRememberPosition@@@std@@@0@0U_Nonscalar_ptr_iterator_tag@0@@Z 10001db0 f i bot.obj
 0001:00000e30       ??$_Uninit_move@PBDPBDPBD@std@@YAPAPBDPAPBD00AAU?$_Wrap_alloc@V?$allocator@PBD@std@@@0@0U_Scalar_ptr_iterator_tag@0@@Z 10001e30 f i bot.obj
 0001:00000e60       ??$_Uninitialized_copy@V?$_Vector_const_iterator@V?$_Vector_val@U?$_Simple_types@M@std@@@std@@@std@@PAMU?$_Wrap_alloc@V?$allocator@M@std@@@2@@std@@YAPAMV?$_Vector_const_iterator@V?$_Vector_val@U?$_Simple_types@M@std@@@std@@@0@0PAMAAU?$_Wrap_alloc@V?$allocator@M@std@@@0@@Z 10001e60 f i bot.obj
 0001:00000e90       ??$_Uninitialized_move@PAHPAHU?$_Wrap_alloc@V?$allocator@H@std@@@std@@@std@@YAPAHPAH00AAU?$_Wrap_alloc@V?$allocator@H@std@@@0@@Z 10001e90 f i bot.obj
 0001:00000ec0       ??$_Uninitialized_move@PAMPAMU?$_Wrap_alloc@V?$allocator@M@std@@@std@@@std@@YAPAMPAM00AAU?$_Wrap_alloc@V?$allocator@M@std@@@0@@Z 10001ec0 f i bot.obj
 0001:00000ef0       ??$_Uninitialized_move@PAPAUedict_s@@PAPAU1@U?$_Wrap_alloc@V?$allocator@PAUedict_s@@@std@@@std@@@std@@YAPAPAUedict_s@@PAPAU1@00AAU?$_Wrap_alloc@V?$allocator@PAUedict_s@@@std@@@0@@Z 10001ef0 f i bot.obj
 0001:00000f20       ??$_Uninitialized_move@PAPBDPAPBDU?$_Wrap_alloc@V?$allocator@PBD@std@@@std@@@std@@YAPAPBDPAPBD00AAU?$_Wrap_alloc@V?$allocator@PBD@std@@@0@@Z 10001f20 f i bot.obj
 0001:00000f50       ??$_Uninitialized_move@PAVCActionUtility@@PAV1@U?$_Wrap_alloc@V?$allocator@VCActionUtility@@@std@@@std@@@std@@YAPAVCActionUtility@@PAV1@00AAU?$_Wrap_alloc@V?$allocator@VCActionUtility@@@std@@@0@@Z 10001f50 f i bot.obj
 0001:00000f70       ??$_Uninitialized_move@PAVCRememberPosition@@PAV1@U?$_Wrap_alloc@V?$allocator@VCRememberPosition@@@std@@@std@@@std@@YAPAVCRememberPosition@@PAV1@00AAU?$_Wrap_alloc@V?$allocator@VCRememberPosition@@@std@@@0@@Z 10001f70 f i bot.obj
 0001:00000f90       ??$_Val_type@PAH@std@@YAPAHPAH@Z 10001f90 f i bot.obj
 0001:00000fa0       ??$_Val_type@PAM@std@@YAPAMPAM@Z 10001fa0 f i bot.obj
 0001:00000fb0       ??$_Val_type@PAPAUedict_s@@@std@@YAPAPAUedict_s@@PAPAU1@@Z 10001fb0 f i bot.obj
 0001:00000fc0       ??$_Val_type@PAPBD@std@@YAPAPBDPAPBD@Z 10001fc0 f i bot.obj
 0001:00000fd0       ??$_Val_type@PAVCActionUtility@@@std@@YAPAVCActionUtility@@PAV1@@Z 10001fd0 f i bot.obj
 0001:00000fe0       ??$_Val_type@PAVCRememberPosition@@@std@@YAPAVCRememberPosition@@PAV1@@Z 10001fe0 f i bot.obj
 0001:00000ff0       ??$addressof@$$CBH@std@@YAPBHABH@Z 10001ff0 f i bot.obj
 0001:00001000       ??$addressof@$$CBM@std@@YAPBMABM@Z 10002000 f i bot.obj
 0001:00001010       ??$addressof@$$CBVCRememberPosition@@@std@@YAPBVCRememberPosition@@ABV1@@Z 10002010 f i bot.obj
 0001:00001020       ??$addressof@M@std@@YAPAMAAM@Z 10002020 f i bot.obj
 0001:00001030       ??$addressof@QAUedict_s@@@std@@YAPBQAUedict_s@@ABQAU1@@Z 10002030 f i bot.obj
 0001:00001040       ??$addressof@QBD@std@@YAPBQBDABQBD@Z 10002040 f i bot.obj
 0001:00001050       ??$addressof@VCActionUtility@@@std@@YAPAVCActionUtility@@AAV1@@Z 10002050 f i bot.obj
 0001:00001060       ??$construct@HAAH@?$_Wrap_alloc@V?$allocator@H@std@@@std@@QAEXPAHAAH@Z 10002060 f i bot.obj
 0001:00001080       ??$construct@HAAH@?$allocator@H@std@@QAEXPAHAAH@Z 10002080 f i bot.obj
 0001:000010a0       ??$construct@HAAH@?$allocator_traits@V?$allocator@H@std@@@std@@SAXAAV?$allocator@H@1@PAHAAH@Z 100020a0 f i bot.obj
 0001:000010c0       ??$construct@HABH@?$_Wrap_alloc@V?$allocator@H@std@@@std@@QAEXPAHABH@Z 100020c0 f i bot.obj
 0001:000010e0       ??$construct@HABH@?$allocator_traits@V?$allocator@H@std@@@std@@SAXAAV?$allocator@H@1@PAHABH@Z 100020e0 f i bot.obj
 0001:00001100       ??$construct@MAAM@?$_Wrap_alloc@V?$allocator@M@std@@@std@@QAEXPAMAAM@Z 10002100 f i bot.obj
 0001:00001120       ??$construct@MAAM@?$allocator@M@std@@QAEXPAMAAM@Z 10002120 f i bot.obj
 0001:00001140       ??$construct@MAAM@?$allocator_traits@V?$allocator@M@std@@@std@@SAXAAV?$allocator@M@1@PAMAAM@Z 10002140 f i bot.obj
 0001:00001160       ??$construct@MABM@?$_Wrap_alloc@V?$allocator@M@std@@@std@@QAEXPAMABM@Z 10002160 f i bot.obj
 0001:00001180       ??$construct@MABM@?$allocator_traits@V?$allocator@M@std@@@std@@SAXAAV?$allocator@M@1@PAMABM@Z 10002180 f i bot.obj
 0001:000011a0       ??$construct@MM@?$_Wrap_alloc@V?$allocator@M@std@@@std@@QAEXPAM$$QAM@Z 100021a0 f i bot.obj
 0001:000011c0       ??$construct@MM@?$allocator@M@std@@QAEXPAM$$QAM@Z 100021c0 f i bot.obj
 0001:000011e0       ??$construct@MM@?$allocator_traits@V?$allocator@M@std@@@std@@SAXAAV?$allocator@M@1@PAM$$QAM@Z 100021e0 f i bot.obj
 0001:00001200       ??$construct@PAUedict_s@@AAPAU1@@?$_Wrap_alloc@V?$allocator@PAUedict_s@@@std@@@std@@QAEXPAPAUedict_s@@AAPAU2@@Z 10002200 f i bot.obj
 0001:00001220       ??$construct@PAUedict_s@@AAPAU1@@?$allocator@PAUedict_s@@@std@@QAEXPAPAUedict_s@@AAPAU2@@Z 10002220 f i bot.obj
 0001:00001240       ??$construct@PAUedict_s@@AAPAU1@@?$allocator_traits@V?$allocator@PAUedict_s@@@std@@@std@@SAXAAV?$allocator@PAUedict_s@@@1@PAPAUedict_s@@AAPAU3@@Z 10002240 f i bot.obj
 0001:00001260       ??$construct@PAUedict_s@@ABQAU1@@?$_Wrap_alloc@V?$allocator@PAUedict_s@@@std@@@std@@QAEXPAPAUedict_s@@ABQAU2@@Z 10002260 f i bot.obj
 0001:00001280       ??$construct@PAUedict_s@@ABQAU1@@?$allocator_traits@V?$allocator@PAUedict_s@@@std@@@std@@SAXAAV?$allocator@PAUedict_s@@@1@PAPAUedict_s@@ABQAU3@@Z 10002280 f i bot.obj
 0001:000012a0       ??$construct@PBDAAPBD@?$_Wrap_alloc@V?$allocator@PBD@std@@@std@@QAEXPAPBDAAPBD@Z 100022a0 f i bot.obj
 0001:000012c0       ??$construct@PBDAAPBD@?$allocator@PBD@std@@QAEXPAPBDAAPBD@Z 100022c0 f i bot.obj
 0001:000012e0       ??$construct@PBDAAPBD@?$allocator_traits@V?$allocator@PBD@std@@@std@@SAXAAV?$allocator@PBD@1@PAPBDAAPBD@Z 100022e0 f i bot.obj
 0001:00001300       ??$construct@PBDABQBD@?$_Wrap_alloc@V?$allocator@PBD@std@@@std@@QAEXPAPBDABQBD@Z 10002300 f i bot.obj
 0001:00001320       ??$construct@PBDABQBD@?$allocator_traits@V?$allocator@PBD@std@@@std@@SAXAAV?$allocator@PBD@1@PAPBDABQBD@Z 10002320 f i bot.obj
 0001:00001340       ??$construct@VCActionUtility@@V1@@?$_Wrap_alloc@V?$allocator@VCActionUtility@@@std@@@std@@QAEXPAVCActionUtility@@$$QAV2@@Z 10002340 f i bot.obj
 0001:00001360       ??$construct@VCActionUtility@@V1@@?$allocator@VCActionUtility@@@std@@QAEXPAVCActionUtility@@$$QAV2@@Z 10002360 f i bot.obj
 0001:00001380       ??$construct@VCActionUtility@@V1@@?$allocator_traits@V?$allocator@VCActionUtility@@@std@@@std@@SAXAAV?$allocator@VCActionUtility@@@1@PAVCActionUtility@@$$QAV3@@Z 10002380 f i bot.obj
 0001:000013a0       ??$construct@VCRememberPosition@@AAV1@@?$_Wrap_alloc@V?$allocator@VCRememberPosition@@@std@@@std@@QAEXPAVCRememberPosition@@AAV2@@Z 100023a0 f i bot.obj
 0001:000013f0       ??$construct@VCRememberPosition@@AAV1@@?$allocator@VCRememberPosition@@@std@@QAEXPAVCRememberPosition@@AAV2@@Z 100023f0 f i bot.obj
 0001:00001440       ??$construct@VCRememberPosition@@AAV1@@?$allocator_traits@V?$allocator@VCRememberPosition@@@std@@@std@@SAXAAV?$allocator@VCRememberPosition@@@1@PAVCRememberPosition@@AAV3@@Z 10002440 f i bot.obj
 0001:00001490       ??$construct@VCRememberPosition@@ABV1@@?$_Wrap_alloc@V?$allocator@VCRememberPosition@@@std@@@std@@QAEXPAVCRememberPosition@@ABV2@@Z 10002490 f i bot.obj
 0001:000014e0       ??$construct@VCRememberPosition@@ABV1@@?$allocator_traits@V?$allocator@VCRememberPosition@@@std@@@std@@SAXAAV?$allocator@VCRememberPosition@@@1@PAVCRememberPosition@@ABV3@@Z 100024e0 f i bot.obj
 0001:00001530       ??$construct@VCRememberPosition@@V1@@?$_Wrap_alloc@V?$allocator@VCRememberPosition@@@std@@@std@@QAEXPAVCRememberPosition@@$$QAV2@@Z 10002530 f i bot.obj
 0001:00001580       ??$construct@VCRememberPosition@@V1@@?$allocator@VCRememberPosition@@@std@@QAEXPAVCRememberPosition@@$$QAV2@@Z 10002580 f i bot.obj
 0001:000015d0       ??$construct@VCRememberPosition@@V1@@?$allocator_traits@V?$allocator@VCRememberPosition@@@std@@@std@@SAXAAV?$allocator@VCRememberPosition@@@1@PAVCRememberPosition@@$$QAV3@@Z 100025d0 f i bot.obj
 0001:00001620       ??$destroy@VCActionUtility@@@?$_Wrap_alloc@V?$allocator@VCActionUtility@@@std@@@std@@QAEXPAVCActionUtility@@@Z 10002620 f i bot.obj
 0001:00001630       ??$destroy@VCActionUtility@@@?$allocator@VCActionUtility@@@std@@QAEXPAVCActionUtility@@@Z 10002630 f i bot.obj
 0001:00001640       ??$destroy@VCActionUtility@@@?$allocator_traits@V?$allocator@VCActionUtility@@@std@@@std@@SAXAAV?$allocator@VCActionUtility@@@1@PAVCActionUtility@@@Z 10002640 f i bot.obj
 0001:00001650       ??$destroy@VCRememberPosition@@@?$_Wrap_alloc@V?$allocator@VCRememberPosition@@@std@@@std@@QAEXPAVCRememberPosition@@@Z 10002650 f i bot.obj
 0001:00001660       ??$destroy@VCRememberPosition@@@?$allocator@VCRememberPosition@@@std@@QAEXPAVCRememberPosition@@@Z 10002660 f i bot.obj
 0001:00001670       ??$destroy@VCRememberPosition@@@?$allocator_traits@V?$allocator@VCRememberPosition@@@std@@@std@@SAXAAV?$allocator@VCRememberPosition@@@1@PAVCRememberPosition@@@Z 10002670 f i bot.obj
 0001:00001680       ??$destroy@VTSObjective@@@?$_Wrap_alloc@V?$allocator@VTSObjective@@@std@@@std@@QAEXPAVTSObjective@@@Z 10002680 f i bot.obj
 0001:00001690       ??$destroy@VTSObjective@@@?$allocator@VTSObjective@@@std@@QAEXPAVTSObjective@@@Z 10002690 f i bot.obj
 0001:000016a0       ??$destroy@VTSObjective@@@?$allocator_traits@V?$allocator@VTSObjective@@@std@@@std@@SAXAAV?$allocator@VTSObjective@@@1@PAVTSObjective@@@Z 100026a0 f i bot.obj
 0001:000016b0       ??$forward@AAH@std@@YAAAHAAH@Z 100026b0 f i bot.obj
 0001:000016c0       ??$forward@AAM@std@@YAAAMAAM@Z 100026c0 f i bot.obj
 0001:000016d0       ??$forward@AAPAUedict_s@@@std@@YAAAPAUedict_s@@AAPAU1@@Z 100026d0 f i bot.obj
 0001:000016e0       ??$forward@AAPBD@std@@YAAAPBDAAPBD@Z 100026e0 f i bot.obj
 0001:000016f0       ??$forward@AAVCRememberPosition@@@std@@YAAAVCRememberPosition@@AAV1@@Z 100026f0 f i bot.obj
 0001:00001700       ??$forward@ABH@std@@YAABHABH@Z 10002700 f i bot.obj
 0001:00001710       ??$forward@ABM@std@@YAABMABM@Z 10002710 f i bot.obj
 0001:00001720       ??$forward@ABQAUedict_s@@@std@@YAABQAUedict_s@@ABQAU1@@Z 10002720 f i bot.obj
 0001:00001730       ??$forward@ABQBD@std@@YAABQBDABQBD@Z 10002730 f i bot.obj
 0001:00001740       ??$forward@ABVCRememberPosition@@@std@@YAABVCRememberPosition@@ABV1@@Z 10002740 f i bot.obj
 0001:00001750       ??$forward@M@std@@YA$$QAMAAM@Z 10002750 f i bot.obj
 0001:00001760       ??$forward@VCActionUtility@@@std@@YA$$QAVCActionUtility@@AAV1@@Z 10002760 f i bot.obj
 0001:00001770       ??$forward@VCRememberPosition@@@std@@YA$$QAVCRememberPosition@@AAV1@@Z 10002770 f i bot.obj
 0001:00001780       ??$move@AAVCRememberPosition@@@std@@YA$$QAVCRememberPosition@@AAV1@@Z 10002780 f i bot.obj
 0001:00001790       ??0?$_Vector_alloc@$0A@U?$_Vec_base_types@HV?$allocator@H@std@@@std@@@std@@QAE@ABV?$allocator@H@1@@Z 10002790 f i bot.obj
 0001:000017b0       ??0?$_Vector_alloc@$0A@U?$_Vec_base_types@MV?$allocator@M@std@@@std@@@std@@QAE@ABV?$allocator@M@1@@Z 100027b0 f i bot.obj
 0001:000017d0       ??0?$_Vector_alloc@$0A@U?$_Vec_base_types@PAUedict_s@@V?$allocator@PAUedict_s@@@std@@@std@@@std@@QAE@ABV?$allocator@PAUedict_s@@@1@@Z 100027d0 f i bot.obj
 0001:000017f0       ??0?$_Vector_alloc@$0A@U?$_Vec_base_types@PAVIIndividual@@V?$allocator@PAVIIndividual@@@std@@@std@@@std@@QAE@ABV?$allocator@PAVIIndividual@@@1@@Z 100027f0 f i bot.obj
 0001:00001810       ??0?$_Vector_alloc@$0A@U?$_Vec_base_types@PBDV?$allocator@PBD@std@@@std@@@std@@QAE@ABV?$allocator@PBD@1@@Z 10002810 f i bot.obj
 0001:00001830       ??0?$_Vector_alloc@$0A@U?$_Vec_base_types@VCActionUtility@@V?$allocator@VCActionUtility@@@std@@@std@@@std@@QAE@ABV?$allocator@VCActionUtility@@@1@@Z 10002830 f i bot.obj
 0001:00001850       ??0?$_Vector_const_iterator@V?$_Vector_val@U?$_Simple_types@M@std@@@std@@@std@@QAE@PAMPBU_Container_base0@1@@Z 10002850 f i bot.obj
 0001:00001860       ??0?$_Vector_const_iterator@V?$_Vector_val@U?$_Simple_types@VCRememberPosition@@@std@@@std@@@std@@QAE@PAVCRememberPosition@@PBU_Container_base0@1@@Z 10002860 f i bot.obj
 0001:00001870       ??0?$_Vector_const_iterator@V?$_Vector_val@U?$_Simple_types@VCRememberPosition@@@std@@@std@@@std@@QAE@XZ 10002870 f i bot.obj
 0001:00001880       ??0?$_Vector_iterator@V?$_Vector_val@U?$_Simple_types@VCRememberPosition@@@std@@@std@@@std@@QAE@PAVCRememberPosition@@PBU_Container_base0@1@@Z 10002880 f i bot.obj
 0001:00001890       ??0?$_Vector_iterator@V?$_Vector_val@U?$_Simple_types@VCRememberPosition@@@std@@@std@@@std@@QAE@XZ 10002890 f i bot.obj
 0001:000018a0       ??0?$_Vector_val@U?$_Simple_types@H@std@@@std@@QAE@XZ 100028a0 f i bot.obj
 0001:000018c0       ??0?$_Vector_val@U?$_Simple_types@M@std@@@std@@QAE@XZ 100028c0 f i bot.obj
 0001:000018e0       ??0?$_Vector_val@U?$_Simple_types@PAUedict_s@@@std@@@std@@QAE@XZ 100028e0 f i bot.obj
 0001:00001900       ??0?$_Vector_val@U?$_Simple_types@PAVIIndividual@@@std@@@std@@QAE@XZ 10002900 f i bot.obj
 0001:00001920       ??0?$_Vector_val@U?$_Simple_types@PBD@std@@@std@@QAE@XZ 10002920 f i bot.obj
 0001:00001940       ??0?$_Vector_val@U?$_Simple_types@VCActionUtility@@@std@@@std@@QAE@XZ 10002940 f i bot.obj
 0001:00001960       ??0?$_Wrap_alloc@V?$allocator@H@std@@@std@@QAE@XZ 10002960 f i bot.obj
 0001:00001970       ??0?$_Wrap_alloc@V?$allocator@M@std@@@std@@QAE@ABV?$allocator@M@1@@Z 10002970 f i bot.obj
 0001:00001980       ??0?$_Wrap_alloc@V?$allocator@M@std@@@std@@QAE@XZ 10002980 f i bot.obj
 0001:00001990       ??0?$_Wrap_alloc@V?$allocator@PAUedict_s@@@std@@@std@@QAE@XZ 10002990 f i bot.obj
 0001:000019a0       ??0?$_Wrap_alloc@V?$allocator@PAVIIndividual@@@std@@@std@@QAE@XZ 100029a0 f i bot.obj
 0001:000019b0       ??0?$_Wrap_alloc@V?$allocator@PBD@std@@@std@@QAE@XZ 100029b0 f i bot.obj
 0001:000019c0       ??0?$_Wrap_alloc@V?$allocator@VCActionUtility@@@std@@@std@@QAE@XZ 100029c0 f i bot.obj
 0001:000019d0       ??0?$_Wrap_alloc@V?$allocator@VCRememberPosition@@@std@@@std@@QAE@XZ 100029d0 f i bot.obj
 0001:000019e0       ??0?$_Wrap_alloc@V?$allocator@VTSObjective@@@std@@@std@@QAE@XZ 100029e0 f i bot.obj
 0001:000019f0       ??0?$allocator@H@std@@QAE@XZ 100029f0 f i bot.obj
 0001:00001a00       ??0?$allocator@M@std@@QAE@ABV01@@Z 10002a00 f i bot.obj
 0001:00001a10       ??0?$allocator@M@std@@QAE@XZ 10002a10 f i bot.obj
 0001:00001a20       ??0?$allocator@PAUedict_s@@@std@@QAE@XZ 10002a20 f i bot.obj
 0001:00001a30       ??0?$allocator@PAVIIndividual@@@std@@QAE@XZ 10002a30 f i bot.obj
 0001:00001a40       ??0?$allocator@PBD@std@@QAE@XZ 10002a40 f i bot.obj
 0001:00001a50       ??0?$allocator@VCActionUtility@@@std@@QAE@XZ 10002a50 f i bot.obj
 0001:00001a60       ??0?$allocator@VCRememberPosition@@@std@@QAE@XZ 10002a60 f i bot.obj
 0001:00001a70       ??0?$allocator@VTSObjective@@@std@@QAE@XZ 10002a70 f i bot.obj
 0001:00001a80       ??0?$dataNode@H@@QAE@XZ    10002a80 f i bot.obj
 0001:00001a90       ??0?$dataNode@PAUedict_s@@@@QAE@XZ 10002a90 f i bot.obj
 0001:00001aa0       ??0?$dataNode@PAVCBotSquad@@@@QAE@XZ 10002aa0 f i bot.obj
 0001:00001ab0       ??0?$dataNode@VCBotFailedPath@@@@QAE@XZ 10002ab0 f i bot.obj
 0001:00001ad0       ??0?$dataNode@VCBotTask@@@@QAE@XZ 10002ad0 f i bot.obj
 0001:00001af0       ??0?$dataNode@VCStructure@@@@QAE@XZ 10002af0 f i bot.obj
 0001:00001b10       ??0?$dataNode@VMyEHandle@@@@QAE@XZ 10002b10 f i bot.obj
 0001:00001b20       ??0?$dataQueue@VCBotTask@@@@QAE@XZ 10002b20 f i bot.obj
 0001:00001b30       ??0?$dataStack@H@@QAE@XZ   10002b30 f i bot.obj
 0001:00001b40       ??0?$dataStack@PAUedict_s@@@@QAE@XZ 10002b40 f i bot.obj
 0001:00001b50       ??0?$dataStack@PAVCMasterEntity@@@@QAE@XZ 10002b50 f i bot.obj
 0001:00001b60       ??0?$dataStack@VCStructure@@@@QAE@XZ 10002b60 f i bot.obj
 0001:00001b70       ??0?$dataStack@VMyEHandle@@@@QAE@XZ 10002b70 f i bot.obj
 0001:00001b80       ??0?$dataUnconstArray@H@@QAE@XZ 10002b80 f i bot.obj
 0001:00001ba0       ??0?$dataUnconstArray@PAUedict_s@@@@QAE@XZ 10002ba0 f i bot.obj
 0001:00001bc0       ??0?$dataUnconstArray@PBD@@QAE@XZ 10002bc0 f i bot.obj
 0001:00001be0       ??0?$vector@HV?$allocator@H@std@@@std@@QAE@XZ 10002be0 f i bot.obj
 0001:00001c00       ??0?$vector@MV?$allocator@M@std@@@std@@QAE@ABV01@@Z 10002c00 f i bot.obj
 0001:00001c60       ??0?$vector@MV?$allocator@M@std@@@std@@QAE@XZ 10002c60 f i bot.obj
 0001:00001c80       ??0?$vector@PAUedict_s@@V?$allocator@PAUedict_s@@@std@@@std@@QAE@XZ 10002c80 f i bot.obj
 0001:00001ca0       ??0?$vector@PAVIIndividual@@V?$allocator@PAVIIndividual@@@std@@@std@@QAE@XZ 10002ca0 f i bot.obj
 0001:00001cc0       ??0?$vector@PBDV?$allocator@PBD@std@@@std@@QAE@XZ 10002cc0 f i bot.obj
 0001:00001ce0       ??0?$vector@VCActionUtility@@V?$allocator@VCActionUtility@@@std@@@std@@QAE@XZ 10002ce0 f i bot.obj
 0001:00001d00       ??0CActionUtilities@@QAE@XZ 10002d00 f i bot.obj
 0001:00001d20       ??0CActionUtility@@QAE@W4eCanDoStuff@@M@Z 10002d20 f i bot.obj
 0001:00001d40       ??0CBotFailedPath@@QAE@PAUpath@@@Z 10002d40 f i bot.obj
 0001:00001d60       ??0CBotFailedPath@@QAE@XZ  10002d60 f i bot.obj
 0001:00001d70       ??0CBotSquad@@QAE@PAUedict_s@@0@Z 10002d70 f i bot.obj
 0001:00001e20       ??0CBotTask@@QAE@ABV0@@Z   10002e20 f i bot.obj
 0001:00001e80       ??0CBotTask@@QAE@W4eBotTask@@HPAUedict_s@@HMVVector@@M@Z 10002e80 f i bot.obj
 0001:00001f00       ??0CBotTask@@QAE@XZ        10002f00 f i bot.obj
 0001:00001f20       ??0CGA@@QAE@H@Z            10002f20 f i bot.obj
 0001:00001fe0       ??0CIntGAValues@@QAE@H@Z   10002fe0 f i bot.obj
 0001:00002000       ??0CLearnedHeader@@QAE@H@Z 10003000 f   bot.obj
 0001:00002030       ??0CPopulation@@QAE@XZ     10003030 f i bot.obj
 0001:00002050       ??0CRememberPosition@@QAE@ABV0@@Z 10003050 f i bot.obj
 0001:00002090       ??0CRememberPosition@@QAE@VVector@@PAUedict_s@@@Z 10003090 f i bot.obj
 0001:000020c0       ??0CRouletteSelection@@QAE@XZ 100030c0 f i bot.obj
 0001:000020d0       ??0CStructure@@QAE@PAUedict_s@@@Z 100030d0 f i bot.obj
 0001:000020f0       ??0CStructure@@QAE@XZ      100030f0 f i bot.obj
 0001:00002110       ??0CStructures@@QAE@XZ     10003110 f i bot.obj
 0001:00002160       ??0IIndividual@@QAE@XZ     10003160 f i bot.obj
 0001:00002170       ??0ISelection@@QAE@XZ      10003170 f i bot.obj
 0001:00002180       ??0TSObjective@@QAE@ABV0@@Z 10003180 f i bot.obj
 0001:000021b0       ??0TraceResult@@QAE@XZ     100031b0 f i bot.obj
 0001:000021c0       ??0Vector@@QAE@ABV0@@Z     100031c0 f i bot.obj
 0001:000021e0       ??0Vector@@QAE@MMM@Z       100031e0 f i bot.obj
 0001:00002210       ??0Vector@@QAE@QAM@Z       10003210 f i bot.obj
 0001:00002230       ??0Vector@@QAE@XZ          10003230 f i bot.obj
 0001:00002240       ??0usercmd_s@@QAE@XZ       10003240 f i bot.obj
 0001:00002250       ??1?$dataUnconstArray@H@@QAE@XZ 10003250 f i bot.obj
 0001:00002280       ??1?$dataUnconstArray@PAUedict_s@@@@QAE@XZ 10003280 f i bot.obj
 0001:000022b0       ??1?$dataUnconstArray@PBD@@QAE@XZ 100032b0 f i bot.obj
 0001:000022e0       ??1?$vector@HV?$allocator@H@std@@@std@@QAE@XZ 100032e0 f i bot.obj
 0001:00002310       ??1?$vector@MV?$allocator@M@std@@@std@@QAE@XZ 10003310 f i bot.obj
 0001:00002340       ??1?$vector@PAUedict_s@@V?$allocator@PAUedict_s@@@std@@@std@@QAE@XZ 10003340 f i bot.obj
 0001:00002370       ??1?$vector@PAVIIndividual@@V?$allocator@PAVIIndividual@@@std@@@std@@QAE@XZ 10003370 f i bot.obj
 0001:000023a0       ??1?$vector@PBDV?$allocator@PBD@std@@@std@@QAE@XZ 100033a0 f i bot.obj
 0001:000023d0       ??1?$vector@VCActionUtility@@V?$allocator@VCActionUtility@@@std@@@std@@QAE@XZ 100033d0 f i bot.obj
 0001:00002400       ??1CActionUtilities@@QAE@XZ 10003400 f i bot.obj
 0001:00002430       ??1CBotGAValues@@QAE@XZ    10003430 f i bot.obj
 0001:00002460       ??1CBotSquad@@QAE@XZ       10003460 f i bot.obj
 0001:000024a0       ??1CBotVisibles@@QAE@XZ    100034a0 f i bot.obj
 0001:000024d0       ??1CGA@@QAE@XZ             100034d0 f i bot.obj
 0001:00002520       ??1CPerceptron@@QAE@XZ     10003520 f i bot.obj
 0001:00002590       ??1CPopulation@@QAE@XZ     10003590 f i bot.obj
 0001:000025c0       ??2@YAPAXIPAX@Z            100035c0 f i bot.obj
 0001:000025d0       ??3@YAXPAX0@Z              100035d0 f i bot.obj
 0001:000025e0       ??8?$_Vector_const_iterator@V?$_Vector_val@U?$_Simple_types@VCRememberPosition@@@std@@@std@@@std@@QBE_NABV01@@Z 100035e0 f i bot.obj
 0001:00002600       ??8CBotTask@@QAEHABV0@@Z   10003600 f   bot.obj
 0001:00002680       ??8CLearnedHeader@@QAEHV0@@Z 10003680 f   bot.obj
 0001:000026e0       ??8CRememberPosition@@QAEHV0@@Z 100036e0 f i bot.obj
 0001:00002710       ??8CStructure@@QAEHV0@@Z   10003710 f i bot.obj
 0001:00002730       ??8Vector@@QBEHABV0@@Z     10003730 f i bot.obj
 0001:00002770       ??9?$_Vector_const_iterator@V?$_Vector_val@U?$_Simple_types@VCRememberPosition@@@std@@@std@@@std@@QBE_NABV01@@Z 10003770 f i bot.obj
 0001:00002790       ??9CLearnedHeader@@QAEHV0@@Z 10003790 f i bot.obj
 0001:000027d0       ??9Vector@@QBEHABV0@@Z     100037d0 f i bot.obj
 0001:00002820       ??A?$dataUnconstArray@VCRememberPosition@@@@QAEAAVCRememberPosition@@H@Z 10003820 f i bot.obj
 0001:00002870       ??A?$vector@HV?$allocator@H@std@@@std@@QAEAAHI@Z 10003870 f i bot.obj
 0001:00002880       ??A?$vector@PADV?$allocator@PAD@std@@@std@@QAEAAPADI@Z 10003880 f i bot.obj
 0001:00002890       ??A?$vector@PAUedict_s@@V?$allocator@PAUedict_s@@@std@@@std@@QAEAAPAUedict_s@@I@Z 10003890 f i bot.obj
 0001:000028a0       ??A?$vector@PBDV?$allocator@PBD@std@@@std@@QAEAAPBDI@Z 100038a0 f i bot.obj
 0001:000028b0       ??A?$vector@VCActionUtility@@V?$allocator@VCActionUtility@@@std@@@std@@QAEAAVCActionUtility@@I@Z 100038b0 f i bot.obj
 0001:000028c0       ??A?$vector@VCRememberPosition@@V?$allocator@VCRememberPosition@@@std@@@std@@QAEAAVCRememberPosition@@I@Z 100038c0 f i bot.obj
 0001:000028e0       ??A?$vector@VTSObjective@@V?$allocator@VTSObjective@@@std@@@std@@QAEAAVTSObjective@@I@Z 100038e0 f i bot.obj
 0001:00002900       ??BVector@@QAEPAMXZ        10003900 f i bot.obj
 0001:00002910       ??D?$_Vector_const_iterator@V?$_Vector_val@U?$_Simple_types@VCRememberPosition@@@std@@@std@@@std@@QBEABVCRememberPosition@@XZ 10003910 f i bot.obj
 0001:00002920       ??D?$_Vector_iterator@V?$_Vector_val@U?$_Simple_types@VCRememberPosition@@@std@@@std@@@std@@QBEAAVCRememberPosition@@XZ 10003920 f i bot.obj
 0001:00002930       ??D@YA?AVVector@@MABV0@@Z  10003930 f i bot.obj
 0001:00002970       ??DVector@@QBE?AV0@M@Z     10003970 f i bot.obj
 0001:000029b0       ??E?$_Vector_const_iterator@V?$_Vector_val@U?$_Simple_types@VCRememberPosition@@@std@@@std@@@std@@QAEAAV01@XZ 100039b0 f i bot.obj
 0001:000029c0       ??E?$_Vector_iterator@V?$_Vector_val@U?$_Simple_types@VCRememberPosition@@@std@@@std@@@std@@QAEAAV01@XZ 100039c0 f i bot.obj
 0001:000029d0       ??GVector@@QBE?AV0@ABV0@@Z 100039d0 f i bot.obj
 0001:00002a10       ??GVector@@QBE?AV0@XZ      10003a10 f i bot.obj
 0001:00002a50       ??HVector@@QBE?AV0@ABV0@@Z 10003a50 f i bot.obj
 0001:00002a90       ??KVector@@QBE?AV0@M@Z     10003a90 f i bot.obj
 0001:00002ad0       ??_GCBotGAValues@@QAEPAXI@Z 10003ad0 f i bot.obj
 0001:00002b20       ??_GCBotSquad@@QAEPAXI@Z   10003b20 f i bot.obj
 0001:00002b50       ??_GCBotVisibles@@QAEPAXI@Z 10003b50 f i bot.obj
 0001:00002ba0       ??_GCGA@@QAEPAXI@Z         10003ba0 f i bot.obj
 0001:00002c10       ??_GCPerceptron@@QAEPAXI@Z 10003c10 f i bot.obj
 0001:00002c40       ?Add@?$dataQueue@VCBotTask@@@@QAEXABVCBotTask@@@Z 10003c40 f i bot.obj
 0001:00002cc0       ?Add@?$dataUnconstArray@H@@QAEXH@Z 10003cc0 f i bot.obj
 0001:00002cd0       ?Add@?$dataUnconstArray@PAUedict_s@@@@QAEXQAUedict_s@@@Z 10003cd0 f i bot.obj
 0001:00002ce0       ?Add@?$dataUnconstArray@PBD@@QAEXQBD@Z 10003ce0 f i bot.obj
 0001:00002cf0       ?Add@?$dataUnconstArray@VCRememberPosition@@@@QAEXVCRememberPosition@@@Z 10003cf0 f i bot.obj
 0001:00002d00       ?AddFailedPath@CBotFailedPaths@@QAEXPAUpath@@@Z 10003d00 f i bot.obj
 0001:00002d70       ?AddFront@?$dataQueue@VCBotTask@@@@QAEXABVCBotTask@@@Z 10003d70 f i bot.obj
 0001:00002de0       ?AddMember@CBotSquad@@QAEXPAUedict_s@@@Z 10003de0 f i bot.obj
 0001:00002e40       ?AddPriorityTask@CBot@@QAEXABVCBotTask@@@Z 10003e40 f   bot.obj
 0001:00002e70       ?AddSquadMember@CBotSquads@@QAEPAVCBotSquad@@PAUedict_s@@0@Z 10003e70 f   bot.obj
 0001:00003060       ?AddStructure@CStructures@@QAEXPAUedict_s@@H@Z 10004060 f i bot.obj
 0001:00003100       ?AddTask@CBot@@QAEXABVCBotTask@@@Z 10004100 f   bot.obj
 0001:00003110       ?AddTaskToEnd@CBotTasks@@QAEXABVCBotTask@@@Z 10004110 f i bot.obj
 0001:00003120       ?AddTaskToFront@CBotTasks@@QAEXABVCBotTask@@@Z 10004120 f i bot.obj
 0001:00003140       ?AddToSquad@CBot@@QAEXPAUedict_s@@@Z 10004140 f   bot.obj
 0001:000031e0       ?AddVisitedResourceTower@CBot@@QAEXPAUedict_s@@@Z 100041e0 f   bot.obj
 0001:00003240       ?AltButton@CBot@@QAEXXZ    10004240 f i bot.obj
 0001:00003260       ?AssertMessage@@YAXHPADZZ  10004260 f   bot.obj
 0001:00003290       ?AverageRepOnServer@CBotReputations@@QAEHXZ 10004290 f i bot.obj
 0001:000032d0       ?Blocked@CBot@@QAEXPAUedict_s@@@Z 100042d0 f   bot.obj
 0001:00003340       ?BotChat@CBot@@QAEXW4eBotChatType@@PAUedict_s@@H@Z 10004340 f   bot.obj
 0001:00003720       ?BotCommand@CBot@@QAEXXZ   10004720 f   bot.obj
 0001:00003b60       ?BotEvent@CBot@@QAEXW4eBotEvent@@PAUedict_s@@1PAM@Z 10004b60 f   bot.obj
 0001:00004860       ?BotFile_Write@@YAXPAD@Z   10005860 f   bot.obj
 0001:00004900       ?BotFunc_BreakableIsEnemy@@YAHPAUedict_s@@0@Z 10005900 f   bot.obj
 0001:000049b0       ?BotFunc_ChangeAngles@@YAXPAM000@Z 100059b0 f   bot.obj
 0001:00004a90       ?BotFunc_DecreaseRep@@YAHHMM@Z 10005a90 f   bot.obj
 0001:00004b10       ?BotFunc_DistanceBetweenEdicts@@YAMPAUedict_s@@0@Z 10005b10 f   bot.obj
 0001:00004b80       ?BotFunc_EntityIsMoving@@YAHPAUentvars_s@@@Z 10005b80 f   bot.obj
 0001:00004c10       ?BotFunc_FillString@@YAHPADPBD1H@Z 10005c10 f   bot.obj
 0001:00004d40       ?BotFunc_FindNearestButton@@YAPAUedict_s@@VVector@@PAUentvars_s@@PAV2@@Z 10005d40 f   bot.obj
 0001:00005060       ?BotFunc_FindRandomEntity@@YAPAUedict_s@@PAD@Z 10006060 f   bot.obj
 0001:00005200       ?BotFunc_GetBitSetOf@@YAHH@Z 10006200 f   bot.obj
 0001:00005220       ?BotFunc_GetRandomPlayerName@@YAPBDPAVCBot@@H@Z 10006220 f   bot.obj
 0001:000053d0       ?BotFunc_GetStructureForGorgeBuild@@YAHPAUentvars_s@@0@Z 100063d0 f   bot.obj
 0001:000056d0       ?BotFunc_GetStructuresToBuildForEntity@@YAHW4AvHUser3@@PAH111@Z 100066d0 f   bot.obj
 0001:000057c0       ?BotFunc_IncreaseRep@@YAHHMM@Z 100067c0 f   bot.obj
 0001:00005800       ?BotFunc_IsLongRangeWeapon@@YAHH@Z 10006800 f   bot.obj
 0001:00005860       ?BotFunc_MakeSquad@@YAXPAVCClient@@@Z 10006860 f   bot.obj
 0001:000058d0       ?BotHasEnemy@CBotCam@@QAEHXZ 100068d0 f i bot.obj
 0001:000058f0       ?BotMessage@@YAXPAUedict_s@@HPADZZ 100068f0 f   bot.obj
 0001:00005a30       ?BotPrintTalkMessage@@YAXPADZZ 10006a30 f   bot.obj
 0001:00005a90       ?BotPrintTalkMessageOne@@YAXPAUedict_s@@PADZZ 10006a90 f   bot.obj
 0001:00005ad0       ?BotSquadLeaderThink@CBot@@QAEXXZ 10006ad0 f   bot.obj
 0001:00005b10       ?BotWantsCombatItem@CBot@@QAEHH@Z 10006b10 f i bot.obj
 0001:00005b30       ?BugMessage@@YAXPAUedict_s@@PADZZ 10006b30 f   bot.obj
 0001:00005b90       ?CanAddToSquad@CBot@@QAEHPAUedict_s@@@Z 10006b90 f   bot.obj
 0001:00005be0       ?CanAvoid@CBot@@QAEHPAUedict_s@@MM@Z 10006be0 f   bot.obj
 0001:00006050       ?CanBuild@CBot@@QAEHPAUedict_s@@PAH@Z 10007050 f   bot.obj
 0001:00006150       ?CanFire@CMasterEntity@@QAE?AW4eMasterType@@PAUedict_s@@@Z 10007150 f   bot.obj
 0001:000061a0       ?CanGetMorePrimaryAmmo@CBotWeapon@@QAEHXZ 100071a0 f i bot.obj
 0001:000061f0       ?CanPickup@CBot@@QAEHPAUedict_s@@@Z 100071f0 f   bot.obj
 0001:00006500       ?CanShootSecondary@CBotWeapon@@QAEHXZ 10007500 f i bot.obj
 0001:00006520       ?CanUseTank@CBot@@QAEHPAUedict_s@@@Z 10007520 f i bot.obj
 0001:00006560       ?ChangeAngles@CBot@@QAEXPAM000@Z 10007560 f   bot.obj
 0001:00006580       ?ChangeFormation@CBotSquad@@QAEXW4eSquadForm@@@Z 10007580 f i bot.obj
 0001:00006590       ?ChangeLeader@CBotSquad@@QAEXXZ 10007590 f i bot.obj
 0001:00006610       ?ChangeLeader@CBotSquads@@QAEXPAVCBotSquad@@@Z 10007610 f   bot.obj
 0001:000066c0       ?ChangeScheduleDesc@CBotTask@@QAEXW4eScheduleDesc@@@Z 100076c0 f i bot.obj
 0001:000066d0       ?CheckStuck@CBot@@AAEXXZ   100076d0 f   bot.obj
 0001:00006cc0       ?ChooseFromStack@?$dataStack@H@@QAEHXZ 10007cc0 f i bot.obj
 0001:00006cd0       ?ChooseFromStack@?$dataStack@PAUedict_s@@@@QAEPAUedict_s@@XZ 10007cd0 f i bot.obj
 0001:00006ce0       ?ChooseFromStack@?$dataStack@PAVCBotSquad@@@@QAEPAVCBotSquad@@XZ 10007ce0 f i bot.obj
 0001:00006cf0       ?ChooseFromStack@?$dataStack@PAVCMasterEntity@@@@QAEPAVCMasterEntity@@XZ 10007cf0 f i bot.obj
 0001:00006d00       ?ChooseFromStack@?$dataStack@VMyEHandle@@@@QAE?AVMyEHandle@@XZ 10007d00 f i bot.obj
 0001:00006d20       ?ChoosePointerFrom@?$dataQueue@VCBotTask@@@@QAEPAVCBotTask@@XZ 10007d20 f i bot.obj
 0001:00006d30       ?ChoosePointerFromStack@?$dataStack@VCBotFailedPath@@@@QAEPAVCBotFailedPath@@XZ 10007d30 f i bot.obj
 0001:00006d40       ?ChoosePointerFromStack@?$dataStack@VCBotReputation@@@@QAEPAVCBotReputation@@XZ 10007d40 f i bot.obj
 0001:00006d50       ?ChoosePointerFromStack@?$dataStack@VCStructure@@@@QAEPAVCStructure@@XZ 10007d50 f i bot.obj
 0001:00006d60       ?ChoosePointerFromStack@?$dataStack@VCTFCBackpack@@@@QAEPAVCTFCBackpack@@XZ 10007d60 f i bot.obj
 0001:00006d70       ?ChoosePointerFromStack@?$dataStack@VMyEHandle@@@@QAEPAVMyEHandle@@XZ 10007d70 f i bot.obj
 0001:00006d80       ?Clear@?$dataUnconstArray@H@@QAEXXZ 10007d80 f i bot.obj
 0001:00006d90       ?Clear@?$dataUnconstArray@PAUedict_s@@@@QAEXXZ 10007d90 f i bot.obj
 0001:00006da0       ?Clear@?$dataUnconstArray@PBD@@QAEXXZ 10007da0 f i bot.obj
 0001:00006db0       ?Clear@?$dataUnconstArray@VTSObjective@@@@QAEXXZ 10007db0 f i bot.obj
 0001:00006dc0       ?ClearFailedPaths@CBotFailedPaths@@QAEXXZ 10007dc0 f i bot.obj
 0001:00006df0       ?ClearSquad@CBot@@QAEXXZ   10007df0 f i bot.obj
 0001:00006e10       ?CrossProduct@@YA?AVVector@@ABV1@0@Z 10007e10 f i bot.obj
 0001:00006e70       ?CurrentRep@CBotReputation@@QAEHXZ 10007e70 f i bot.obj
 0001:00006e80       ?CurrentTask@CBotTasks@@QAEPAVCBotTask@@XZ 10007e80 f i bot.obj
 0001:00006e90       ?DebugMessage@@YAXHPAUedict_s@@HPADZZ 10007e90 f   bot.obj
 0001:000070b0       ?DecreaseRep@CBotReputations@@QAEXH@Z 100080b0 f i bot.obj
 0001:00007100       ?Destroy@?$dataQueue@VCBotTask@@@@QAEXXZ 10008100 f i bot.obj
 0001:00007140       ?Destroy@?$dataStack@H@@QAEXXZ 10008140 f i bot.obj
 0001:00007170       ?Destroy@?$dataStack@PAUedict_s@@@@QAEXXZ 10008170 f i bot.obj
 0001:000071a0       ?Destroy@?$dataStack@VCBotFailedPath@@@@QAEXXZ 100081a0 f i bot.obj
 0001:000071d0       ?Destroy@?$dataStack@VCBotReputation@@@@QAEXXZ 100081d0 f i bot.obj
 0001:00007200       ?Destroy@?$dataStack@VCStructure@@@@QAEXXZ 10008200 f i bot.obj
 0001:00007230       ?Destroy@?$dataStack@VMyEHandle@@@@QAEXXZ 10008230 f i bot.obj
 0001:00007260       ?Destroy@?$dataUnconstArray@H@@QAEXXZ 10008260 f i bot.obj
 0001:00007270       ?Destroy@?$dataUnconstArray@PAUedict_s@@@@QAEXXZ 10008270 f i bot.obj
 0001:00007280       ?Destroy@?$dataUnconstArray@PBD@@QAEXXZ 10008280 f i bot.obj
 0001:00007290       ?Destroy@?$dataUnconstArray@VTSObjective@@@@QAEXXZ 10008290 f i bot.obj
 0001:000072a0       ?Destroy@CBotReputations@@QAEXXZ 100082a0 f i bot.obj
 0001:000072d0       ?DistanceFrom@CBot@@QAEMABVVector@@H@Z 100082d0 f   bot.obj
 0001:000073b0       ?DistanceFromEdict@CBot@@QAEMPAUedict_s@@@Z 100083b0 f   bot.obj
 0001:000073e0       ?DoTasks@CBot@@AAEXXZ      100083e0 f   bot.obj
 0001:0000e720       ?DotProduct@@YAMABVVector@@0@Z 1000f720 f i bot.obj
 0001:0000e740       ?DotProductFromOrigin@CBot@@QAEMPAVVector@@@Z 1000f740 f   bot.obj
 0001:0000e8a0       ?Duck@CBot@@QAEXXZ         1000f8a0 f i bot.obj
 0001:0000e8b0       ?DuckAndJump@CBot@@QAEXXZ  1000f8b0 f   bot.obj
 0001:0000e920       ?ENT@@YAPAUedict_s@@H@Z    1000f920 f i bot.obj
 0001:0000e930       ?ENT@@YAPAUedict_s@@PBUentvars_s@@@Z 1000f930 f i bot.obj
 0001:0000e940       ?ENTINDEX@@YAHPAUedict_s@@@Z 1000f940 f i bot.obj
 0001:0000e950       ?EnemyDown@CBot@@QAEXPAUedict_s@@@Z 1000f950 f   bot.obj
 0001:0000e960       ?EnemyFound@CBot@@QAEXPAUedict_s@@@Z 1000f960 f   bot.obj
 0001:0000ed20       ?EntityIsAlien@@YAHPAUedict_s@@@Z 1000fd20 f   bot.obj
 0001:0000ed50       ?EntityIsAlienStruct@@YAHPAUedict_s@@@Z 1000fd50 f   bot.obj
 0001:0000ed80       ?EntityIsAlive@@YAHPAUedict_s@@@Z 1000fd80 f   bot.obj
 0001:0000ede0       ?EntityIsBuildable@@YAHPAUedict_s@@@Z 1000fde0 f   bot.obj
 0001:0000ee00       ?EntityIsCommander@@YAHPAUedict_s@@@Z 1000fe00 f   bot.obj
 0001:0000ee20       ?EntityIsMarine@@YAHPAUedict_s@@@Z 1000fe20 f   bot.obj
 0001:0000ee40       ?EntityIsMarineStruct@@YAHPAUedict_s@@@Z 1000fe40 f   bot.obj
 0001:0000eea0       ?EntityIsSelectable@@YAHPAUedict_s@@@Z 1000fea0 f   bot.obj
 0001:0000eed0       ?EntityIsWeldable@@YAHPAUedict_s@@@Z 1000fed0 f   bot.obj
 0001:0000f060       ?FIND_ENTITY_BY_TARGET@@YAPAUedict_s@@PAU1@PBD@Z 10010060 f i bot.obj
 0001:0000f080       ?FIND_ENTITY_BY_TARGETNAME@@YAPAUedict_s@@PAU1@PBD@Z 10010080 f i bot.obj
 0001:0000f0a0       ?FInViewCone@CBot@@QAEHPAVVector@@@Z 100100a0 f   bot.obj
 0001:0000f0f0       ?FNullEnt@@YAHH@Z          100100f0 f i bot.obj
 0001:0000f100       ?FNullEnt@@YAHPBUedict_s@@@Z 10010100 f i bot.obj
 0001:0000f130       ?FStrEq@@YAHPBD0@Z         10010130 f i bot.obj
 0001:0000f180       ?FVisible@CBot@@QAEHABVVector@@@Z 10010180 f   bot.obj
 0001:0000f200       ?FVisible@CBot@@QAEHPAUedict_s@@@Z 10010200 f   bot.obj
 0001:0000f3c0       ?FacingIdeal@CBot@@QAEHXZ  100103c0 f   bot.obj
 0001:0000f470       ?FindBackPack@CBot@@QAEXHHHHHHH@Z 10010470 f   bot.obj
 0001:0000f680       ?FindButton@CMasterEntity@@QAEPAUedict_s@@VVector@@@Z 10010680 f   bot.obj
 0001:0000f930       ?FindEnemy@CBot@@QAEPAUedict_s@@XZ 10010930 f   bot.obj
 0001:0000fdd0       ?FinishSchedule@CBotTasks@@QAEHH@Z 10010dd0 f i bot.obj
 0001:0000fe30       ?FinishSchedule@CBotTasks@@QAEHW4eScheduleDesc@@@Z 10010e30 f i bot.obj
 0001:0000fe90       ?FinishedCurrentTask@CBotTasks@@QAEXH@Z 10010e90 f i bot.obj
 0001:0000fef0       ?FlapWings@CBot@@AAEXXZ    10010ef0 f   bot.obj
 0001:0000ff50       ?FlushTasks@CBotTasks@@QAEXXZ 10010f50 f i bot.obj
 0001:0000ff90       ?FreeLocalMemory@CBot@@QAEXXZ 10010f90 f   bot.obj
 0001:000104a0       ?FreeLocalMemory@CStructures@@QAEXXZ 100114a0 f i bot.obj
 0001:000104e0       ?GET_PRIVATE@@YAPAXPAUedict_s@@@Z 100114e0 f i bot.obj
 0001:00010500       ?Get@MyEHandle@@QBEPAUedict_s@@XZ 10011500 f i bot.obj
 0001:00010520       ?GetAimVector@CBot@@QAE?AVVector@@PAUedict_s@@@Z 10011520 f   bot.obj
 0001:00010d60       ?GetButtonForEntity@CMasterEntities@@QAEPAUedict_s@@PAU2@VVector@@@Z 10011d60 f i bot.obj
 0001:00010dc0       ?GetClassname@CBotWeapon@@QAEPADXZ 10011dc0 f i bot.obj
 0001:00010dd0       ?GetClassname@CWeapon@@QAEPADXZ 10011dd0 f i bot.obj
 0001:00010de0       ?GetClientByEdict@CClients@@QAEPAVCClient@@PAUedict_s@@@Z 10011de0 f i bot.obj
 0001:00010e30       ?GetClientByIndex@CClients@@QAEPAVCClient@@H@Z 10011e30 f i bot.obj
 0001:00010e50       ?GetClimbType@CBot@@QAE?AW4eClimbType@@XZ 10011e50 f   bot.obj
 0001:00010f50       ?GetCommander@CBotGlobals@@QAEPAUedict_s@@XZ 10011f50 f i bot.obj
 0001:00010f60       ?GetEntity@CStructure@@QAEPAUedict_s@@XZ 10011f60 f i bot.obj
 0001:00010f70       ?GetFormationPosition@CBotSquad@@QAEHPAUedict_s@@@Z 10011f70 f i bot.obj
 0001:00010fc0       ?GetFormationVector@CBotSquad@@QAE?AVVector@@PAUedict_s@@@Z 10011fc0 f   bot.obj
 0001:000113d0       ?GetFrontPointer@?$dataQueue@VCBotTask@@@@QAEPAVCBotTask@@XZ 100123d0 f i bot.obj
 0001:000113e0       ?GetGunPosition@CBot@@QAE?AVVector@@XZ 100123e0 f i bot.obj
 0001:00011430       ?GetHeadInfoPointer@?$dataStack@H@@QAEPAHXZ 10012430 f i bot.obj
 0001:00011440       ?GetID@CBotWeapon@@QBEHXZ  10012440 f i bot.obj
 0001:00011450       ?GetLadderAngles@CBot@@QAE?AVVector@@XZ 10012450 f i bot.obj
 0001:00011480       ?GetLadderDir@CBot@@QAEHH@Z 10012480 f   bot.obj
 0001:00011530       ?GetLeader@CBotSquad@@QBEPAUedict_s@@XZ 10012530 f i bot.obj
 0001:00011540       ?GetMaster@CMasterEntities@@AAEPAVCMasterEntity@@PAUedict_s@@@Z 10012540 f i bot.obj
 0001:00011570       ?GetNewScheduleId@CBotTasks@@QAEHXZ 10012570 f i bot.obj
 0001:000115c0       ?GetNextWaypoint@CBot@@QAEHXZ 100125c0 f i bot.obj
 0001:00011600       ?GetPlayer@CClient@@QBEPAUedict_s@@XZ 10012600 f i bot.obj
 0001:00011610       ?GetPlayerRepId@CClient@@QBEHXZ 10012610 f i bot.obj
 0001:00011620       ?GetPrimaryWeaponId@CBotWeapons@@QAEHXZ 10012620 f i bot.obj
 0001:00011660       ?GetRep@CBotReputations@@QAEPAVCBotReputation@@H@Z 10012660 f i bot.obj
 0001:00011690       ?GetScheduleDesc@CBotTask@@QAE?AW4eScheduleDesc@@XZ 10012690 f i bot.obj
 0001:000116a0       ?GetScheduleId@CBotTask@@QBEHXZ 100126a0 f i bot.obj
 0001:000116b0       ?GetSecondaryWeaponId@CBotWeapons@@QAEHXZ 100126b0 f i bot.obj
 0001:000116f0       ?GetSpread@CBotSquad@@QBEMXZ 100126f0 f i bot.obj
 0001:00011700       ?GetStructureType@CStructure@@QAEHXZ 10012700 f i bot.obj
 0001:00011710       ?GetTask@CBotTasks@@QAEXW4eBotTask@@PAVCBotTask@@@Z 10012710 f i bot.obj
 0001:000117f0       ?GetTeam@CBot@@QAEHXZ      100127f0 f   bot.obj
 0001:00011800       ?GetThingsToBuild@CThingToBuild@@QAEXPAH000@Z 10012800 f i bot.obj
 0001:00011830       ?GetUsingTank@CBot@@QAEPAUedict_s@@XZ 10012830 f i bot.obj
 0001:00011840       ?GetVector@?$CTypeVector@F@@QBE?AVVector@@XZ 10012840 f i bot.obj
 0001:00011880       ?GetWeapon@CBotWeapons@@QAEPAVCBotWeapon@@H@Z 10012880 f i bot.obj
 0001:000118a0       ?GetWeapon@CWeapons@@QAEPAVCWeapon@@H@Z 100128a0 f i bot.obj
 0001:000118c0       ?GiveSchedIdDescription@CBotTasks@@QAEXHW4eScheduleDesc@@@Z 100128c0 f i bot.obj
 0001:00011910       ?HasCondition@CBot@@QAEHH@Z 10012910 f i bot.obj
 0001:00011930       ?HasJetPack@CBot@@QAEHXZ   10012930 f i bot.obj
 0001:00011960       ?HasPath@CBotTask@@QBEHXZ  10012960 f i bot.obj
 0001:00011970       ?HasSchedule@CBotTasks@@QAEHW4eScheduleDesc@@@Z 10012970 f i bot.obj
 0001:000119c0       ?HasSeenEnemy@CBot@@QAEHPAUedict_s@@@Z 100129c0 f   bot.obj
 0001:000119e0       ?HasTask@CBotTasks@@QAEHVCBotTask@@@Z 100129e0 f i bot.obj
 0001:00011a60       ?HasTask@CBotTasks@@QAEHW4eBotTask@@@Z 10012a60 f i bot.obj
 0001:00011ab0       ?HasUpgraded@CBot@@QAEHH@Z 10012ab0 f   bot.obj
 0001:00011b10       ?HasUser4Mask@CBot@@QAEHH@Z 10012b10 f i bot.obj
 0001:00011b30       ?HasVisitedResourceTower@CBot@@QAEHPAUedict_s@@@Z 10012b30 f   bot.obj
 0001:00011b70       ?HasWeapon@CBot@@QAEHH@Z   10012b70 f   bot.obj
 0001:00011b90       ?HasWeapon@CBotWeapons@@QAEHPAUedict_s@@H@Z 10012b90 f i bot.obj
 0001:00011bc0       ?HearSound@CBot@@QAEXW4eSoundType@@VVector@@PAUedict_s@@@Z 10012bc0 f   bot.obj
 0001:00012040       ?INDEXENT@@YAPAUedict_s@@H@Z 10013040 f i bot.obj
 0001:00012050       ?Impulse@CBot@@QAEXH@Z     10013050 f i bot.obj
 0001:00012070       ?InSquad@CBot@@QAEHPAVCBotSquad@@@Z 10013070 f i bot.obj
 0001:00012090       ?IncreaseRep@CBotReputations@@QAEXH@Z 10013090 f i bot.obj
 0001:000120e0       ?Init@?$dataQueue@VCBotTask@@@@QAEXXZ 100130e0 f i bot.obj
 0001:000120f0       ?Init@?$dataStack@H@@QAEXXZ 100130f0 f i bot.obj
 0001:00012100       ?Init@?$dataStack@PAUedict_s@@@@QAEXXZ 10013100 f i bot.obj
 0001:00012110       ?Init@?$dataStack@PAVCBotSquad@@@@QAEXXZ 10013110 f i bot.obj
 0001:00012120       ?Init@?$dataStack@PAVCMasterEntity@@@@QAEXXZ 10013120 f i bot.obj
 0001:00012130       ?Init@?$dataStack@VCBotFailedPath@@@@QAEXXZ 10013130 f i bot.obj
 0001:00012140       ?Init@?$dataStack@VCBotReputation@@@@QAEXXZ 10013140 f i bot.obj
 0001:00012150       ?Init@?$dataStack@VCStructure@@@@QAEXXZ 10013150 f i bot.obj
 0001:00012160       ?Init@?$dataStack@VMyEHandle@@@@QAEXXZ 10013160 f i bot.obj
 0001:00012170       ?Init@?$dataUnconstArray@H@@QAEXXZ 10013170 f i bot.obj
 0001:00012180       ?Init@?$dataUnconstArray@PAUedict_s@@@@QAEXXZ 10013180 f i bot.obj
 0001:00012190       ?Init@?$dataUnconstArray@PBD@@QAEXXZ 10013190 f i bot.obj
 0001:000121a0       ?Init@?$dataUnconstArray@VTSObjective@@@@QAEXXZ 100131a0 f i bot.obj
 0001:000121b0       ?Init@CBot@@QAEXXZ         100131b0 f   bot.obj
 0001:000123f0       ?Init@CBotReputations@@QAEXXZ 100133f0 f i bot.obj
 0001:00012400       ?Init@CBotSquad@@QAEXXZ    10013400 f i bot.obj
 0001:00012440       ?Instance@CBaseEntity@@SAPAV1@PAUedict_s@@@Z 10013440 f i bot.obj
 0001:00012460       ?Instance@CBaseEntity@@SAPAV1@PAUentvars_s@@@Z 10013460 f i bot.obj
 0001:00012490       ?IsAlien@CBot@@QAEHXZ      10013490 f   bot.obj
 0001:000124b0       ?IsAlive@CBot@@QAEHXZ      100134b0 f i bot.obj
 0001:000124e0       ?IsCombatMap@CBotGlobals@@QAEHXZ 100134e0 f i bot.obj
 0001:000124f0       ?IsCommander@CBot@@QAEHXZ  100134f0 f   bot.obj
 0001:00012520       ?IsConfigSettingOn@CBotGlobals@@QAEHH@Z 10013520 f i bot.obj
 0001:00012540       ?IsCrouchMode@CBotSquad@@QAEHXZ 10013540 f i bot.obj
 0001:00012550       ?IsCurrentWeapon@CBot@@QAEHH@Z 10013550 f i bot.obj
 0001:00012570       ?IsDebugLevelOn@CBotGlobals@@QAEHH@Z 10013570 f i bot.obj
 0001:00012590       ?IsEmpty@?$dataQueue@VCBotTask@@@@QAEHXZ 10013590 f i bot.obj
 0001:000125b0       ?IsEmpty@?$dataStack@H@@QAEHXZ 100135b0 f i bot.obj
 0001:000125c0       ?IsEmpty@?$dataStack@PAUedict_s@@@@QAEHXZ 100135c0 f i bot.obj
 0001:000125d0       ?IsEmpty@?$dataStack@PAVCBotSquad@@@@QAEHXZ 100135d0 f i bot.obj
 0001:000125e0       ?IsEmpty@?$dataStack@PAVCMasterEntity@@@@QAEHXZ 100135e0 f i bot.obj
 0001:000125f0       ?IsEmpty@?$dataStack@VCBotFailedPath@@@@QAEHXZ 100135f0 f i bot.obj
 0001:00012600       ?IsEmpty@?$dataStack@VCBotReputation@@@@QAEHXZ 10013600 f i bot.obj
 0001:00012610       ?IsEmpty@?$dataStack@VCStructure@@@@QAEHXZ 10013610 f i bot.obj
 0001:00012620       ?IsEmpty@?$dataStack@VCTFCBackpack@@@@QAEHXZ 10013620 f i bot.obj
 0001:00012630       ?IsEmpty@?$dataStack@VMyEHandle@@@@QAEHXZ 10013630 f i bot.obj
 0001:00012640       ?IsEmpty@?$dataUnconstArray@H@@QAE_NXZ 10013640 f i bot.obj
 0001:00012650       ?IsEmpty@?$dataUnconstArray@PAD@@QAE_NXZ 10013650 f i bot.obj
 0001:00012660       ?IsEmpty@?$dataUnconstArray@PAUedict_s@@@@QAE_NXZ 10013660 f i bot.obj
 0001:00012670       ?IsEmpty@?$dataUnconstArray@PBD@@QAE_NXZ 10013670 f i bot.obj
 0001:00012680       ?IsEmpty@?$dataUnconstArray@VCRememberPosition@@@@QAE_NXZ 10013680 f i bot.obj
 0001:00012690       ?IsEmpty@?$dataUnconstArray@VTSObjective@@@@QAE_NXZ 10013690 f i bot.obj
 0001:000126a0       ?IsEnemy@CBot@@QAEHPAUedict_s@@@Z 100136a0 f   bot.obj
 0001:000131f0       ?IsFade@CBot@@QAEHXZ       100141f0 f   bot.obj
 0001:00013220       ?IsForEntity@CMasterEntity@@QAEHPAUedict_s@@@Z 10014220 f i bot.obj
 0001:00013240       ?IsForPath@CBotFailedPath@@QBEHPAUpath@@@Z 10014240 f i bot.obj
 0001:00013260       ?IsForPlayer@CBotReputation@@QAEHH@Z 10014260 f i bot.obj
 0001:00013280       ?IsGestating@CBot@@QAEHXZ  10014280 f   bot.obj
 0001:000132b0       ?IsGorge@CBot@@QAEHXZ      100142b0 f   bot.obj
 0001:000132e0       ?IsHoldingMiniGun@CBot@@QAEHXZ 100142e0 f   bot.obj
 0001:00013310       ?IsInReadyRoom@CBot@@QAEHXZ 10014310 f   bot.obj
 0001:00013330       ?IsInVisibleList@CBot@@QAEHPAUedict_s@@@Z 10014330 f   bot.obj
 0001:00013350       ?IsLeader@CBotSquad@@QBEHPAUedict_s@@@Z 10014350 f i bot.obj
 0001:00013370       ?IsLerk@CBot@@QAEHXZ       10014370 f   bot.obj
 0001:000133a0       ?IsMarine@CBot@@QAEHXZ     100143a0 f   bot.obj
 0001:000133d0       ?IsMelee@CBotWeapon@@QAEHXZ 100143d0 f i bot.obj
 0001:000133e0       ?IsMember@?$dataQueue@VCBotTask@@@@QAEHVCBotTask@@@Z 100143e0 f i bot.obj
 0001:00013420       ?IsMember@?$dataStack@H@@QAEHH@Z 10014420 f i bot.obj
 0001:00013450       ?IsMember@?$dataStack@VCStructure@@@@QAEHVCStructure@@@Z 10014450 f i bot.obj
 0001:00013480       ?IsMember@?$dataUnconstArray@PAUedict_s@@@@QAEHPAUedict_s@@@Z 10014480 f i bot.obj
 0001:000134c0       ?IsMember@CBotSquad@@QAEHPAUedict_s@@@Z 100144c0 f i bot.obj
 0001:00013520       ?IsMod@CBotGlobals@@QAEHH@Z 10014520 f i bot.obj
 0001:00013540       ?IsNS@CBotGlobals@@QAEHXZ  10014540 f i bot.obj
 0001:00013550       ?IsOfSchedule@CBotTask@@QAEHW4eScheduleDesc@@@Z 10014550 f i bot.obj
 0001:00013570       ?IsOnLadder@CBot@@QAEHXZ   10014570 f i bot.obj
 0001:00013590       ?IsOnos@CBot@@QAEHXZ       10014590 f   bot.obj
 0001:000135c0       ?IsPrimary@CBotWeapon@@QAEHXZ 100145c0 f i bot.obj
 0001:000135d0       ?IsProneMode@CBotSquad@@QAEHXZ 100145d0 f i bot.obj
 0001:000135e0       ?IsSecondary@CBotWeapon@@QAEHXZ 100145e0 f i bot.obj
 0001:000135f0       ?IsSkulk@CBot@@QAEHXZ      100145f0 f   bot.obj
 0001:00013620       ?IsSquadLeader@CBot@@QAEHXZ 10014620 f i bot.obj
 0001:00013640       ?IsStealthMode@CBotSquad@@QAEHXZ 10014640 f i bot.obj
 0001:00013650       ?IsUnderAttack@CStructure@@QAEHXZ 10014650 f i bot.obj
 0001:00013670       ?IsUsed@CBot@@QAEHXZ       10014670 f i bot.obj
 0001:00013690       ?IsUsed@CClient@@QAEHXZ    10014690 f i bot.obj
 0001:000136a0       ?IsUsingTank@CBot@@QAEHXZ  100146a0 f   bot.obj
 0001:00013710       ?IsValid@CStructure@@QAEHXZ 10014710 f i bot.obj
 0001:00013760       ?IsVectorSet@?$CTypeVector@F@@QAEHXZ 10014760 f i bot.obj
 0001:00013770       ?IsWallSticking@CBot@@QAEHXZ 10014770 f i bot.obj
 0001:000137a0       ?Jump@CBot@@QAEXXZ         100147a0 f i bot.obj
 0001:000137b0       ?JumpAndDuck@CBot@@QAEXXZ  100147b0 f   bot.obj
 0001:00013880       ?LadderAnglesSet@CBot@@QAEHXZ 10014880 f i bot.obj
 0001:00013890       ?Length2D@Vector@@QBEMXZ   10014890 f i bot.obj
 0001:000138d0       ?Length@Vector@@QBEMXZ     100148d0 f i bot.obj
 0001:00013920       ?LookForNewTasks@CBot@@QAEXXZ 10014920 f   bot.obj
 0001:00018af0       ?MaxPrimaryAmmo@CWeapon@@QAEHXZ 10019af0 f i bot.obj
 0001:00018b00       ?NS_AmountOfEnergy@CBot@@QAEMXZ 10019b00 f i bot.obj
 0001:00018b30       ?NeedMetal@CBot@@QAEXHHH@Z 10019b30 f   bot.obj
 0001:00018d40       ?NoTasksLeft@CBotTasks@@QAEHXZ 10019d40 f i bot.obj
 0001:00018d60       ?Normalize@Vector@@QBE?AV1@XZ 10019d60 f i bot.obj
 0001:00018e10       ?NotStartedGame@CBot@@QAEHXZ 10019e10 f   bot.obj
 0001:00018ef0       ?OFFSET@@YAHPBUedict_s@@@Z 10019ef0 f i bot.obj
 0001:00018f00       ?OutOfAmmo@CBotWeapon@@QAEHXZ 10019f00 f i bot.obj
 0001:00018f20       ?PlayerStandingOnMe@CBot@@QAEPAUedict_s@@XZ 10019f20 f   bot.obj
 0001:00018fa0       ?Pop@?$dataStack@VMyEHandle@@@@QAE?AVMyEHandle@@XZ 10019fa0 f i bot.obj
 0001:00018fd0       ?PrimMinRange@CBotWeapon@@QAEMXZ 10019fd0 f i bot.obj
 0001:00018ff0       ?PrimaryAmmo@CBotWeapon@@QAEHXZ 10019ff0 f i bot.obj
 0001:00019000       ?PrimaryAttack@CBot@@QAEHXZ 1001a000 f   bot.obj
 0001:00019090       ?PrimaryInRange@CBotWeapon@@QAEHM@Z 1001a090 f i bot.obj
 0001:00019100       ?Push@?$dataStack@H@@QAEXH@Z 1001a100 f i bot.obj
 0001:00019150       ?Push@?$dataStack@PAUedict_s@@@@QAEXQAUedict_s@@@Z 1001a150 f i bot.obj
 0001:000191a0       ?Push@?$dataStack@PAVCBotSquad@@@@QAEXQAVCBotSquad@@@Z 1001a1a0 f i bot.obj
 0001:000191f0       ?Push@?$dataStack@VCBotFailedPath@@@@QAEXVCBotFailedPath@@@Z 1001a1f0 f i bot.obj
 0001:00019240       ?Push@?$dataStack@VCStructure@@@@QAEXVCStructure@@@Z 1001a240 f i bot.obj
 0001:00019290       ?Push@?$dataStack@VMyEHandle@@@@QAEXVMyEHandle@@@Z 1001a290 f i bot.obj
 0001:000192d0       ?Random@?$dataUnconstArray@H@@QAEHXZ 1001a2d0 f i bot.obj
 0001:00019300       ?Random@?$dataUnconstArray@PAD@@QAEPADXZ 1001a300 f i bot.obj
 0001:00019330       ?Random@?$dataUnconstArray@PAUedict_s@@@@QAEPAUedict_s@@XZ 1001a330 f i bot.obj
 0001:00019360       ?Random@?$dataUnconstArray@PBD@@QAEPBDXZ 1001a360 f i bot.obj
 0001:00019390       ?Random@?$dataUnconstArray@VTSObjective@@@@QAE?AVTSObjective@@XZ 1001a390 f i bot.obj
 0001:000193f0       ?Reload@CBot@@QAEXXZ       1001a3f0 f i bot.obj
 0001:00019410       ?RememberPosition@CBot@@QAEXVVector@@PAUedict_s@@H@Z 1001a410 f   bot.obj
 0001:00019470       ?Remove@?$dataStack@PAVCBotSquad@@@@QAEHQAVCBotSquad@@@Z 1001a470 f i bot.obj
 0001:000194e0       ?Remove@?$dataUnconstArray@VCRememberPosition@@@@QAEXVCRememberPosition@@@Z 1001a4e0 f i bot.obj
 0001:000195b0       ?RemoveByPointer@?$dataQueue@VCBotTask@@@@QAEHPBVCBotTask@@@Z 1001a5b0 f i bot.obj
 0001:00019650       ?RemoveByPointer@?$dataStack@VCStructure@@@@QAEHPBVCStructure@@@Z 1001a650 f i bot.obj
 0001:000196c0       ?RemoveByPointer@?$dataStack@VMyEHandle@@@@QAEHPBVMyEHandle@@@Z 1001a6c0 f i bot.obj
 0001:00019730       ?RemoveCondition@CBot@@QAEXH@Z 1001a730 f i bot.obj
 0001:00019750       ?RemoveFront@?$dataQueue@VCBotTask@@@@QAEXXZ 1001a750 f i bot.obj
 0001:00019790       ?RemoveMySquad@CBot@@QAEHXZ 1001a790 f   bot.obj
 0001:000197d0       ?RemovePaths@CBotTasks@@QAEXXZ 1001a7d0 f i bot.obj
 0001:00019820       ?RemoveSameTask@CBotTasks@@QAEXABVCBotTask@@@Z 1001a820 f i bot.obj
 0001:000198f0       ?RemoveSimilarTask@CBotTasks@@QAEXW4eBotTask@@@Z 1001a8f0 f i bot.obj
 0001:00019950       ?RemoveSquad@CBotSquads@@QAEXPAVCBotSquad@@@Z 1001a950 f   bot.obj
 0001:00019a50       ?RemoveTimedOutSchedules@CBotTasks@@QAEXXZ 1001aa50 f i bot.obj
 0001:00019ae0       ?RepairSentry@CBot@@AAEXH@Z 1001aae0 f   bot.obj
 0001:00019cc0       ?ReplyToMessage@CBot@@QAEXPADPAUedict_s@@H@Z 1001acc0 f   bot.obj
 0001:00019da0       ?ReturnAllToFormation@CBotSquad@@QAEXXZ 1001ada0 f   bot.obj
 0001:00019ec0       ?RunForCover@CBot@@QAEXVVector@@HH@Z 1001aec0 f   bot.obj
 0001:0001a240       ?RunPlayerMove@CBot@@QAEXXZ 1001b240 f   bot.obj
 0001:0001a3e0       ?SUB_CallUseToggle@CBaseEntity@@QAEXXZ 1001b3e0 f i bot.obj
 0001:0001a400       ?SawSpy@CBot@@AAEXPAUedict_s@@@Z 1001b400 f i bot.obj
 0001:0001a440       ?SayInPosition@CBot@@QAEXXZ 1001b440 f   bot.obj
 0001:0001a4c0       ?SecondaryAmmo@CBotWeapon@@QAEHXZ 1001b4c0 f i bot.obj
 0001:0001a4d0       ?SecondaryAttack@CBot@@QAEHXZ 1001b4d0 f i bot.obj
 0001:0001a500       ?SecondaryInRange@CBotWeapon@@QAEHM@Z 1001b500 f i bot.obj
 0001:0001a530       ?SentryNeedsRepaired@CBot@@AAEHXZ 1001b530 f   bot.obj
 0001:0001a5b0       ?Set@MyEHandle@@QAEXPAUedict_s@@@Z 1001b5b0 f i bot.obj
 0001:0001a5d0       ?SetCombatType@CBotSquad@@QAEXW4eCombatType@@@Z 1001b5d0 f i bot.obj
 0001:0001a6a0       ?SetCurrentBot@CBotCam@@QAEXPAVCBot@@@Z 1001b6a0 f i bot.obj
 0001:0001a6e0       ?SetEdict@CBot@@QAEXPAUedict_s@@@Z 1001b6e0 f   bot.obj
 0001:0001a730       ?SetEdict@CBotTask@@QAEXPAUedict_s@@@Z 1001b730 f i bot.obj
 0001:0001a740       ?SetFloat@CBotTask@@QAEXM@Z 1001b740 f i bot.obj
 0001:0001a760       ?SetInt@CBotTask@@QAEXH@Z  1001b760 f i bot.obj
 0001:0001a770       ?SetLadderAngles@CBot@@QAEXVVector@@@Z 1001b770 f i bot.obj
 0001:0001a7a0       ?SetLeader@CBotSquad@@QAEXPAUedict_s@@@Z 1001b7a0 f i bot.obj
 0001:0001a7b0       ?SetMoveVector@CBot@@QAEXABVVector@@@Z 1001b7b0 f   bot.obj
 0001:0001a7e0       ?SetPathInfo@CBotTask@@QAEXH@Z 1001b7e0 f i bot.obj
 0001:0001a7f0       ?SetSquad@CBot@@QAEXPAVCBotSquad@@@Z 1001b7f0 f i bot.obj
 0001:0001a810       ?SetTimeToComplete@CBotTask@@QAEXM@Z 1001b810 f i bot.obj
 0001:0001a830       ?SetTimeToCompleteSchedule@CBotTasks@@QAEXHM@Z 1001b830 f i bot.obj
 0001:0001a890       ?SetVector@?$CTypeVector@F@@QAEXVVector@@@Z 1001b890 f i bot.obj
 0001:0001a8c0       ?SetVector@CBotTask@@QAEXVVector@@@Z 1001b8c0 f i bot.obj
 0001:0001a8e0       ?SetViewAngles@CBot@@QAEXABVVector@@@Z 1001b8e0 f   bot.obj
 0001:0001ad20       ?Size@?$dataUnconstArray@VCRememberPosition@@@@QAEHXZ 1001bd20 f i bot.obj
 0001:0001ad40       ?SpawnInit@CBot@@QAEXH@Z   1001bd40 f   bot.obj
 0001:0001bab0       ?SquadCanShoot@CBotSquad@@QAEHXZ 1001cab0 f i bot.obj
 0001:0001bac0       ?StandingOnPlayer@CBot@@QAEPAUedict_s@@XZ 1001cac0 f   bot.obj
 0001:0001bae0       ?StartGame@CBot@@QAEXXZ    1001cae0 f   bot.obj
 0001:0001bff0       ?StopMoving@CBot@@QAEXXZ   1001cff0 f   bot.obj
 0001:0001c000       ?SwitchWeapon@CBot@@QAEHH@Z 1001d000 f   bot.obj
 0001:0001c240       ?TFC_UpdateFlagInfo@CBot@@QAEXXZ 1001d240 f   bot.obj
 0001:0001c2a0       ?TFC_teamsAreAllies@CBotGlobals@@QAEHHH@Z 1001d2a0 f i bot.obj
 0001:0001c2d0       ?Task@CBotTask@@QBE?AW4eBotTask@@XZ 1001d2d0 f i bot.obj
 0001:0001c2e0       ?TaskEdict@CBotTask@@QBEPAUedict_s@@XZ 1001d2e0 f i bot.obj
 0001:0001c2f0       ?TaskFloat@CBotTask@@QBEMXZ 1001d2f0 f i bot.obj
 0001:0001c300       ?TaskInt@CBotTask@@QBEHXZ  1001d300 f i bot.obj
 0001:0001c310       ?TaskVector@CBotTask@@QBE?AVVector@@XZ 1001d310 f i bot.obj
 0001:0001c330       ?Think@CBot@@QAEXXZ        1001d330 f   bot.obj
 0001:0001dee0       ?ThinkSpyOnTeam@CBot@@QAEHPAUedict_s@@@Z 1001eee0 f   bot.obj
 0001:0001e070       ?ThrowGrenade@CBot@@QAEXPAUedict_s@@HH@Z 1001f070 f   bot.obj
 0001:0001e1a0       ?ThrowingGrenade@CBot@@QAEHXZ 1001f1a0 f   bot.obj
 0001:0001e1d0       ?Tick@CStructures@@QAEPAUedict_s@@PAH@Z 1001f1d0 f i bot.obj
 0001:0001e3d0       ?TimeToComplete@CBotTask@@QAEMXZ 1001f3d0 f i bot.obj
 0001:0001e3e0       ?TimedOut@CBotTask@@QAEHXZ 1001f3e0 f i bot.obj
 0001:0001e410       ?Touch@CBot@@QAEHPAUedict_s@@@Z 1001f410 f   bot.obj
 0001:0001eda0       ?UnSet@?$CTypeVector@F@@QAEXXZ 1001fda0 f i bot.obj
 0001:0001edb0       ?UnSetLadderAngleAndMovement@CBot@@QAEXXZ 1001fdb0 f i bot.obj
 0001:0001edd0       ?UnderAttack@CStructure@@QAEXXZ 1001fdd0 f i bot.obj
 0001:0001edf0       ?Update@CStructure@@QAEXXZ 1001fdf0 f i bot.obj
 0001:0001ee50       ?UpdateCondition@CBot@@QAEXH@Z 1001fe50 f i bot.obj
 0001:0001ee60       ?UpdateConditions@CBot@@QAEXXZ 1001fe60 f   bot.obj
 0001:0001f000       ?UpdateMsec@CBot@@QAEXXZ   10020000 f   bot.obj
 0001:0001f030       ?UpdateRep@CBotReputation@@QAEXH@Z 10020030 f i bot.obj
 0001:0001f040       ?UpdateVisibles@CBot@@QAEHXZ 10020040 f   bot.obj
 0001:00020990       ?Use@CBot@@QAEXXZ          10021990 f i bot.obj
 0001:000209a0       ?UseTank@CBot@@QAEXPAUedict_s@@@Z 100219a0 f   bot.obj
 0001:00020ad0       ?WantToFindEnemy@CBot@@QAEHXZ 10021ad0 f   bot.obj
 0001:00020b80       ?WantToFollowEnemy@CBot@@QAEHPAUedict_s@@@Z 10021b80 f   bot.obj
 0001:00020f30       ?WantToLeaveGame@CBot@@QAEHXZ 10021f30 f   bot.obj
 0001:00020fe0       ?WorkMoveDirection@CBot@@QAEXXZ 10021fe0 f   bot.obj
 0001:00021ce0       ?WorkViewAngles@CBot@@QAEXXZ 10022ce0 f   bot.obj
 0001:000222b0       ?_Adopt@_Iterator_base0@std@@QAEXPBX@Z 100232b0 f i bot.obj
 0001:000222c0       ?_Buy@?$vector@MV?$allocator@M@std@@@std@@IAE_NI@Z 100232c0 f i bot.obj
 0001:00022330       ?_Compat@?$_Vector_const_iterator@V?$_Vector_val@U?$_Simple_types@VCRememberPosition@@@std@@@std@@@std@@QBEXABV12@@Z 10023330 f i bot.obj
 0001:00022340       ?_Destroy@?$vector@HV?$allocator@H@std@@@std@@IAEXPAH0@Z 10023340 f i bot.obj
 0001:00022350       ?_Destroy@?$vector@MV?$allocator@M@std@@@std@@IAEXPAM0@Z 10023350 f i bot.obj
 0001:00022360       ?_Destroy@?$vector@PAUedict_s@@V?$allocator@PAUedict_s@@@std@@@std@@IAEXPAPAUedict_s@@0@Z 10023360 f i bot.obj
 0001:00022370       ?_Destroy@?$vector@PAVIIndividual@@V?$allocator@PAVIIndividual@@@std@@@std@@IAEXPAPAVIIndividual@@0@Z 10023370 f i bot.obj
 0001:00022380       ?_Destroy@?$vector@PBDV?$allocator@PBD@std@@@std@@IAEXPAPBD0@Z 10023380 f i bot.obj
 0001:00022390       ?_Destroy@?$vector@VCActionUtility@@V?$allocator@VCActionUtility@@@std@@@std@@IAEXPAVCActionUtility@@0@Z 10023390 f i bot.obj
 0001:000223a0       ?_Destroy@?$vector@VCRememberPosition@@V?$allocator@VCRememberPosition@@@std@@@std@@IAEXPAVCRememberPosition@@0@Z 100233a0 f i bot.obj
 0001:000223b0       ?_Destroy@?$vector@VTSObjective@@V?$allocator@VTSObjective@@@std@@@std@@IAEXPAVTSObjective@@0@Z 100233b0 f i bot.obj
 0001:000223c0       ?_Getal@?$_Vector_alloc@$0A@U?$_Vec_base_types@HV?$allocator@H@std@@@std@@@std@@QBE?AU?$_Wrap_alloc@V?$allocator@H@std@@@2@XZ 100233c0 f i bot.obj
 0001:000223d0       ?_Getal@?$_Vector_alloc@$0A@U?$_Vec_base_types@MV?$allocator@M@std@@@std@@@std@@QBE?AU?$_Wrap_alloc@V?$allocator@M@std@@@2@XZ 100233d0 f i bot.obj
 0001:000223e0       ?_Getal@?$_Vector_alloc@$0A@U?$_Vec_base_types@PAUedict_s@@V?$allocator@PAUedict_s@@@std@@@std@@@std@@QBE?AU?$_Wrap_alloc@V?$allocator@PAUedict_s@@@std@@@2@XZ 100233e0 f i bot.obj
 0001:000223f0       ?_Getal@?$_Vector_alloc@$0A@U?$_Vec_base_types@PAVIIndividual@@V?$allocator@PAVIIndividual@@@std@@@std@@@std@@QBE?AU?$_Wrap_alloc@V?$allocator@PAVIIndividual@@@std@@@2@XZ 100233f0 f i bot.obj
 0001:00022400       ?_Getal@?$_Vector_alloc@$0A@U?$_Vec_base_types@PBDV?$allocator@PBD@std@@@std@@@std@@QBE?AU?$_Wrap_alloc@V?$allocator@PBD@std@@@2@XZ 10023400 f i bot.obj
 0001:00022410       ?_Getal@?$_Vector_alloc@$0A@U?$_Vec_base_types@VCActionUtility@@V?$allocator@VCActionUtility@@@std@@@std@@@std@@QBE?AU?$_Wrap_alloc@V?$allocator@VCActionUtility@@@std@@@2@XZ 10023410 f i bot.obj
 0001:00022420       ?_Getal@?$_Vector_alloc@$0A@U?$_Vec_base_types@VCRememberPosition@@V?$allocator@VCRememberPosition@@@std@@@std@@@std@@QBE?AU?$_Wrap_alloc@V?$allocator@VCRememberPosition@@@std@@@2@XZ 10023420 f i bot.obj
 0001:00022430       ?_Getal@?$_Vector_alloc@$0A@U?$_Vec_base_types@VTSObjective@@V?$allocator@VTSObjective@@@std@@@std@@@std@@QBE?AU?$_Wrap_alloc@V?$allocator@VTSObjective@@@std@@@2@XZ 10023430 f i bot.obj
 0001:00022440       ?_Grow_to@?$vector@HV?$allocator@H@std@@@std@@IBEII@Z 10023440 f i bot.obj
 0001:00022480       ?_Grow_to@?$vector@MV?$allocator@M@std@@@std@@IBEII@Z 10023480 f i bot.obj
 0001:000224c0       ?_Grow_to@?$vector@PAUedict_s@@V?$allocator@PAUedict_s@@@std@@@std@@IBEII@Z 100234c0 f i bot.obj
 0001:00022500       ?_Grow_to@?$vector@PBDV?$allocator@PBD@std@@@std@@IBEII@Z 10023500 f i bot.obj
 0001:00022540       ?_Grow_to@?$vector@VCActionUtility@@V?$allocator@VCActionUtility@@@std@@@std@@IBEII@Z 10023540 f i bot.obj
 0001:00022580       ?_Grow_to@?$vector@VCRememberPosition@@V?$allocator@VCRememberPosition@@@std@@@std@@IBEII@Z 10023580 f i bot.obj
 0001:000225d0       ?_Inside@?$vector@HV?$allocator@H@std@@@std@@IBE_NPBH@Z 100235d0 f i bot.obj
 0001:000225f0       ?_Inside@?$vector@MV?$allocator@M@std@@@std@@IBE_NPBM@Z 100235f0 f i bot.obj
 0001:00022610       ?_Inside@?$vector@PAUedict_s@@V?$allocator@PAUedict_s@@@std@@@std@@IBE_NPBQAUedict_s@@@Z 10023610 f i bot.obj
 0001:00022630       ?_Inside@?$vector@PBDV?$allocator@PBD@std@@@std@@IBE_NPBQBD@Z 10023630 f i bot.obj
 0001:00022650       ?_Inside@?$vector@VCActionUtility@@V?$allocator@VCActionUtility@@@std@@@std@@IBE_NPBVCActionUtility@@@Z 10023650 f i bot.obj
 0001:00022670       ?_Inside@?$vector@VCRememberPosition@@V?$allocator@VCRememberPosition@@@std@@@std@@IBE_NPBVCRememberPosition@@@Z 10023670 f i bot.obj
 0001:00022690       ?_Make_iter@?$vector@VCRememberPosition@@V?$allocator@VCRememberPosition@@@std@@@std@@QBE?AV?$_Vector_iterator@V?$_Vector_val@U?$_Simple_types@VCRememberPosition@@@std@@@std@@@2@V?$_Vector_const_iterator@V?$_Vector_val@U?$_Simple_types@VCRememberPosition@@@std@@@std@@@2@@Z 10023690 f i bot.obj
 0001:000226a0       ?_Orphan_all@_Container_base0@std@@QAEXXZ 100236a0 f i bot.obj
 0001:000226b0       ?_Orphan_range@?$vector@HV?$allocator@H@std@@@std@@IBEXPAH0@Z 100236b0 f i bot.obj
 0001:000226c0       ?_Orphan_range@?$vector@MV?$allocator@M@std@@@std@@IBEXPAM0@Z 100236c0 f i bot.obj
 0001:000226d0       ?_Orphan_range@?$vector@PAUedict_s@@V?$allocator@PAUedict_s@@@std@@@std@@IBEXPAPAUedict_s@@0@Z 100236d0 f i bot.obj
 0001:000226e0       ?_Orphan_range@?$vector@PBDV?$allocator@PBD@std@@@std@@IBEXPAPBD0@Z 100236e0 f i bot.obj
 0001:000226f0       ?_Orphan_range@?$vector@VCActionUtility@@V?$allocator@VCActionUtility@@@std@@@std@@IBEXPAVCActionUtility@@0@Z 100236f0 f i bot.obj
 0001:00022700       ?_Orphan_range@?$vector@VCRememberPosition@@V?$allocator@VCRememberPosition@@@std@@@std@@IBEXPAVCRememberPosition@@0@Z 10023700 f i bot.obj
 0001:00022710       ?_Reallocate@?$vector@HV?$allocator@H@std@@@std@@IAEXI@Z 10023710 f i bot.obj
 0001:00022790       ?_Reallocate@?$vector@MV?$allocator@M@std@@@std@@IAEXI@Z 10023790 f i bot.obj
 0001:00022810       ?_Reallocate@?$vector@PAUedict_s@@V?$allocator@PAUedict_s@@@std@@@std@@IAEXI@Z 10023810 f i bot.obj
 0001:00022890       ?_Reallocate@?$vector@PBDV?$allocator@PBD@std@@@std@@IAEXI@Z 10023890 f i bot.obj
 0001:00022910       ?_Reallocate@?$vector@VCActionUtility@@V?$allocator@VCActionUtility@@@std@@@std@@IAEXI@Z 10023910 f i bot.obj
 0001:000229f0       ?_Reallocate@?$vector@VCRememberPosition@@V?$allocator@VCRememberPosition@@@std@@@std@@IAEXI@Z 100239f0 f i bot.obj
 0001:00022ae0       ?_Reserve@?$vector@HV?$allocator@H@std@@@std@@IAEXI@Z 10023ae0 f i bot.obj
 0001:00022b60       ?_Reserve@?$vector@MV?$allocator@M@std@@@std@@IAEXI@Z 10023b60 f i bot.obj
 0001:00022be0       ?_Reserve@?$vector@PAUedict_s@@V?$allocator@PAUedict_s@@@std@@@std@@IAEXI@Z 10023be0 f i bot.obj
 0001:00022c60       ?_Reserve@?$vector@PBDV?$allocator@PBD@std@@@std@@IAEXI@Z 10023c60 f i bot.obj
 0001:00022ce0       ?_Reserve@?$vector@VCActionUtility@@V?$allocator@VCActionUtility@@@std@@@std@@IAEXI@Z 10023ce0 f i bot.obj
 0001:00022d60       ?_Reserve@?$vector@VCRememberPosition@@V?$allocator@VCRememberPosition@@@std@@@std@@IAEXI@Z 10023d60 f i bot.obj
 0001:00022e10       ?_Tidy@?$vector@HV?$allocator@H@std@@@std@@IAEXXZ 10023e10 f i bot.obj
 0001:00022e40       ?_Tidy@?$vector@MV?$allocator@M@std@@@std@@IAEXXZ 10023e40 f i bot.obj
 0001:00022e70       ?_Tidy@?$vector@PAUedict_s@@V?$allocator@PAUedict_s@@@std@@@std@@IAEXXZ 10023e70 f i bot.obj
 0001:00022ea0       ?_Tidy@?$vector@PAVIIndividual@@V?$allocator@PAVIIndividual@@@std@@@std@@IAEXXZ 10023ea0 f i bot.obj
 0001:00022ed0       ?_Tidy@?$vector@PBDV?$allocator@PBD@std@@@std@@IAEXXZ 10023ed0 f i bot.obj
 0001:00022f00       ?_Tidy@?$vector@VCActionUtility@@V?$allocator@VCActionUtility@@@std@@@std@@IAEXXZ 10023f00 f i bot.obj
 0001:00022f30       ?_Unchecked@?$_Vector_const_iterator@V?$_Vector_val@U?$_Simple_types@M@std@@@std@@@std@@QBEPBMXZ 10023f30 f i bot.obj
 0001:00022f40       ?_Unused_capacity@?$vector@HV?$allocator@H@std@@@std@@QBEIXZ 10023f40 f i bot.obj
 0001:00022f50       ?_Unused_capacity@?$vector@MV?$allocator@M@std@@@std@@QBEIXZ 10023f50 f i bot.obj
 0001:00022f60       ?_Unused_capacity@?$vector@PAUedict_s@@V?$allocator@PAUedict_s@@@std@@@std@@QBEIXZ 10023f60 f i bot.obj
 0001:00022f70       ?_Unused_capacity@?$vector@PBDV?$allocator@PBD@std@@@std@@QBEIXZ 10023f70 f i bot.obj
 0001:00022f80       ?_Unused_capacity@?$vector@VCActionUtility@@V?$allocator@VCActionUtility@@@std@@@std@@QBEIXZ 10023f80 f i bot.obj
 0001:00022f90       ?_Unused_capacity@?$vector@VCRememberPosition@@V?$allocator@VCRememberPosition@@@std@@@std@@QBEIXZ 10023f90 f i bot.obj
 0001:00022fb0       ?_Xlen@?$vector@HV?$allocator@H@std@@@std@@IBEXXZ 10023fb0 f i bot.obj
 0001:00022fc0       ?_Xlen@?$vector@MV?$allocator@M@std@@@std@@IBEXXZ 10023fc0 f i bot.obj
 0001:00022fd0       ?_Xlen@?$vector@PAUedict_s@@V?$allocator@PAUedict_s@@@std@@@std@@IBEXXZ 10023fd0 f i bot.obj
 0001:00022fe0       ?_Xlen@?$vector@PBDV?$allocator@PBD@std@@@std@@IBEXXZ 10023fe0 f i bot.obj
 0001:00022ff0       ?_Xlen@?$vector@VCActionUtility@@V?$allocator@VCActionUtility@@@std@@@std@@IBEXXZ 10023ff0 f i bot.obj
 0001:00023000       ?_Xlen@?$vector@VCRememberPosition@@V?$allocator@VCRememberPosition@@@std@@@std@@IBEXXZ 10024000 f i bot.obj
 0001:00023010       ?_delete@?$dataNode@H@@QAEXXZ 10024010 f i bot.obj
 0001:00023020       ?_delete@?$dataNode@PAUedict_s@@@@QAEXXZ 10024020 f i bot.obj
 0001:00023030       ?_delete@?$dataNode@VCBotFailedPath@@@@QAEXXZ 10024030 f i bot.obj
 0001:00023040       ?_delete@?$dataNode@VCBotReputation@@@@QAEXXZ 10024040 f i bot.obj
 0001:00023050       ?_delete@?$dataNode@VCBotTask@@@@QAEXXZ 10024050 f i bot.obj
 0001:00023060       ?_delete@?$dataNode@VCStructure@@@@QAEXXZ 10024060 f i bot.obj
 0001:00023070       ?_delete@?$dataNode@VMyEHandle@@@@QAEXXZ 10024070 f i bot.obj
 0001:00023080       ?_getTaskDescription@CBotTask@@SAPADW4eBotTask@@@Z 10024080 f i bot.obj
 0001:00023440       ?add@CActionUtilities@@QAEXW4eCanDoStuff@@HM@Z 10024440 f i bot.obj
 0001:00023470       ?add@CBotGAValues@@QAEXM@Z 10024470 f i bot.obj
 0001:00023490       ?addPosition@CRememberedPositions@@QAEXVVector@@PAUedict_s@@H0@Z 10024490 f i bot.obj
 0001:00023650       ?allocate@?$_Wrap_alloc@V?$allocator@H@std@@@std@@QAEPAHI@Z 10024650 f i bot.obj
 0001:00023690       ?allocate@?$_Wrap_alloc@V?$allocator@M@std@@@std@@QAEPAMI@Z 10024690 f i bot.obj
 0001:000236d0       ?allocate@?$_Wrap_alloc@V?$allocator@PAUedict_s@@@std@@@std@@QAEPAPAUedict_s@@I@Z 100246d0 f i bot.obj
 0001:00023710       ?allocate@?$_Wrap_alloc@V?$allocator@PBD@std@@@std@@QAEPAPBDI@Z 10024710 f i bot.obj
 0001:00023750       ?allocate@?$_Wrap_alloc@V?$allocator@VCActionUtility@@@std@@@std@@QAEPAVCActionUtility@@I@Z 10024750 f i bot.obj
 0001:00023790       ?allocate@?$_Wrap_alloc@V?$allocator@VCRememberPosition@@@std@@@std@@QAEPAVCRememberPosition@@I@Z 10024790 f i bot.obj
 0001:000237d0       ?allocate@?$allocator@H@std@@QAEPAHI@Z 100247d0 f i bot.obj
 0001:00023810       ?allocate@?$allocator@M@std@@QAEPAMI@Z 10024810 f i bot.obj
 0001:00023850       ?allocate@?$allocator@PAUedict_s@@@std@@QAEPAPAUedict_s@@I@Z 10024850 f i bot.obj
 0001:00023890       ?allocate@?$allocator@PBD@std@@QAEPAPBDI@Z 10024890 f i bot.obj
 0001:000238d0       ?allocate@?$allocator@VCActionUtility@@@std@@QAEPAVCActionUtility@@I@Z 100248d0 f i bot.obj
 0001:00023910       ?allocate@?$allocator@VCRememberPosition@@@std@@QAEPAVCRememberPosition@@I@Z 10024910 f i bot.obj
[...]
 0003:00000900       __locktable                100bc900     LIBCMT:mlock.obj
 0003:00000a20       ?isPackaged@?1??__crtIsPackagedApp@@9@9 100bca20     LIBCMT:winapisupp.obj
 0003:00000e50       ___rgctypeflag             100bce50     LIBCMT:mbctype.obj
 0003:00000e58       ___rgcode_page_info        100bce58     LIBCMT:mbctype.obj
 0003:00001198       _tzstd                     100bd198     LIBCMT:timeset.obj
 0003:000011d8       _tzdst                     100bd1d8     LIBCMT:timeset.obj
 0003:00001220       _dststart                  100bd220     LIBCMT:tzset.obj
 0003:0000122c       _dstend                    100bd22c     LIBCMT:tzset.obj
 0003:00001240       _NAME_                     100bd240     LIBCMT:cos.obj
 0003:00001258       POW_name                   100bd258     LIBCMT:pow.obj
 0003:00001260       _NAME_                     100bd260     LIBCMT:sin.obj
 0003:00001270       __ctype_loc_style          100bd270     LIBCMT:wsetloca.obj
 0003:00001280       _NAME_                     100bd280     LIBCMT:acos.obj
 0003:00001380       _DoubleFormat              100bd380     LIBCMT:intrncvt.obj
 0003:00001398       _FloatFormat               100bd398     LIBCMT:intrncvt.obj
 0003:000022e0       _allocator_arg             100be2e0     bits.obj
 0003:000022e1       _piecewise_construct       100be2e1     bits.obj
 0003:000022e2       _allocator_arg             100be2e2     bot.obj
 0003:000022e3       _piecewise_construct       100be2e3     bot.obj
 0003:000022e4       ?pBases@?BB@??BotCommand@CBot@@QAEXXZ@4VCStructures@@A 100be2e4     bot.obj
 0003:0000230c       ?$S1@?BB@??BotCommand@CBot@@QAEXXZ@4IA 100be30c     bot.obj
 0003:00002310       ?temp@?1??BotFunc_FillString@@YAHPADPBD1H@Z@4PADA 100be310     bot.obj
 0003:00002710       ?tr@?1??Think@CBot@@QAEXXZ@4UTraceResult@@A 100be710     bot.obj
 0003:00002748       ?$S2@?1??Think@CBot@@QAEXXZ@4IA 100be748     bot.obj
 0003:0000274c       ?pNearestBuildable@?1??UpdateVisibles@CBot@@QAEHXZ@4PAUedict_s@@A 100be74c     bot.obj
 0003:00002750       ?fNearestBuildableDist@?1??UpdateVisibles@CBot@@QAEHXZ@4MA 100be750     bot.obj
 0003:00002754       ?fDistance@?1??UpdateVisibles@CBot@@QAEHXZ@4MA 100be754     bot.obj
 0003:00002758       ?fNearestAvoidEntity@?1??UpdateVisibles@CBot@@QAEHXZ@4MA 100be758     bot.obj
 0003:0000275c       ?fPlayerAvoidDist@?1??UpdateVisibles@CBot@@QAEHXZ@4MA 100be75c     bot.obj
 0003:00002760       ?bLookForBuildable@?1??UpdateVisibles@CBot@@QAEHXZ@4HA 100be760     bot.obj
 0003:00002764       ?pNearestResourceFountain@?1??UpdateVisibles@CBot@@QAEHXZ@4PAUedict_s@@A 100be764     bot.obj
 0003:00002768       ?fNearestResourceFountainDist@?1??UpdateVisibles@CBot@@QAEHXZ@4MA 100be768     bot.obj
 0003:0000276c       ?pNearestBuildEdict@?1??UpdateVisibles@CBot@@QAEHXZ@4PAUedict_s@@A 100be76c     bot.obj
 0003:00002770       ?fNearestBuildPositionDist@?1??UpdateVisibles@CBot@@QAEHXZ@4MA 100be770     bot.obj
 0003:00002774       ?iToBuild@?1??UpdateVisibles@CBot@@QAEHXZ@4HA 100be774     bot.obj
 0003:00002778       ?iBestStructureToBuild@?1??UpdateVisibles@CBot@@QAEHXZ@4HA 100be778     bot.obj
 0003:0000277c       ?pTeleporter@?1??UpdateVisibles@CBot@@QAEHXZ@4PAUedict_s@@A 100be77c     bot.obj
 0003:00002780       ?pNearestHive@?1??UpdateVisibles@CBot@@QAEHXZ@4PAUedict_s@@A 100be780     bot.obj
 0003:00002784       ?fNearestHiveDist@?1??UpdateVisibles@CBot@@QAEHXZ@4MA 100be784     bot.obj
 0003:00002788       ?vecLOS@?1??DotProductFromOrigin@CBot@@QAEMPAVVector@@@Z@4V3@A 100be788     bot.obj
 0003:00002794       ?$S3@?1??DotProductFromOrigin@CBot@@QAEMPAVVector@@@Z@4IA 100be794     bot.obj
 0003:00002798       ?flDot@?1??DotProductFromOrigin@CBot@@QAEMPAVVector@@@Z@4MA 100be798     bot.obj
 0003:000027a0       ?string@?1??BugMessage@@YAXPAUedict_s@@PADZZ@4PADA 100be7a0     bot.obj
 0003:00002ba0       ?string@?4??AssertMessage@@YAXHPADZZ@4PADA 100beba0     bot.obj
 0003:00002fa0       ?string@?1??DebugMessage@@YAXHPAUedict_s@@HPADZZ@4PADA 100befa0     bot.obj
 0003:000033a0       ?string@?1??BotPrintTalkMessage@@YAXPADZZ@4PADA 100bf3a0     bot.obj
 0003:000037a0       ?string@?1??BotPrintTalkMessageOne@@YAXPAUedict_s@@PADZZ@4PADA 100bf7a0     bot.obj
 0003:00003ba0       ?string@?1??BotMessage@@YAXPAUedict_s@@HPADZZ@4PADA 100bfba0     bot.obj
 0003:00003fa0       _allocator_arg             100bffa0     bot_client.obj
 0003:00003fa1       _piecewise_construct       100bffa1     bot_client.obj
 0003:00003fa4       ?origin@?1??execute@BotClient_TS_Objective@@UAEXPAXH@Z@4VVector@@A 100bffa4     bot_client.obj
 0003:00003fb0       ?$S1@?1??execute@BotClient_TS_Objective@@UAEXPAXH@Z@4IA 100bffb0     bot_client.obj
 0003:00003fb4       ?id@?1??execute@BotClient_TS_Objective@@UAEXPAXH@Z@4HA 100bffb4     bot_client.obj
 0003:00003fb8       ?name@?1??execute@BotClient_TS_Objective@@UAEXPAXH@Z@4PADA 100bffb8     bot_client.obj
 0003:00003fbc       ?clip@?1??execute@BotClient_TS_WeaponInfo@@UAEXPAXH@Z@4HA 100bffbc     bot_client.obj
 0003:00003fc0       ?ammo@?1??execute@BotClient_TS_WeaponInfo@@UAEXPAXH@Z@4HA 100bffc0     bot_client.obj
 0003:00003fc4       ?id@?1??execute@BotClient_TS_WeaponInfo@@UAEXPAXH@Z@4HA 100bffc4     bot_client.obj
 0003:00003fc8       ?wpn@?4??execute@BotClient_TS_WeaponInfo@@UAEXPAXH@Z@4HA 100bffc8     bot_client.obj
 0003:00003fcc       ?iSlots@?1??execute@BotClient_NS_TechSlots@@UAEXPAXH@Z@4HA 100bffcc     bot_client.obj
 0003:00003fd0       ?iSenderId@?1??execute@BotClient_BG_MakeMessage@@UAEXPAXH@Z@4HA 100bffd0     bot_client.obj
 0003:00003fd4       ?bCheckTeleEntrance@?1??execute@BotClient_Generic_TextMessage@@UAEXPAXH@Z@4HA 100bffd4     bot_client.obj
 0003:00003fd8       ?bCheckTeleExit@?1??execute@BotClient_Generic_TextMessage@@UAEXPAXH@Z@4HA 100bffd8     bot_client.obj
 0003:00003fdc       ?bBuiltSentry@?1??execute@BotClient_Generic_TextMessage@@UAEXPAXH@Z@4HA 100bffdc     bot_client.obj
 0003:00003fe0       ?iSenderId@?1??execute@BotClient_All_Generic_SayText@@UAEXPAXH@Z@4HA 100bffe0     bot_client.obj
 0003:00003fe4       ?iSenderId@?1??execute@BotClient_Generic_SayText@@UAEXPAXH@Z@4HA 100bffe4     bot_client.obj
 0003:00003fe8       ?state@?1??execute@BotClient_NS_AlienInfo@@UAEXPAXH@Z@4FA 100bffe8     bot_client.obj
 0003:00003fec       ?num_loops@?1??execute@BotClient_NS_AlienInfo@@UAEXPAXH@Z@4HA 100bffec     bot_client.obj
 0003:00003ff0       ?got_loops@?1??execute@BotClient_NS_AlienInfo@@UAEXPAXH@Z@4HA 100bfff0     bot_client.obj
 0003:00003ff4       ?theHiveInfoChanged@?1??execute@BotClient_NS_AlienInfo@@UAEXPAXH@Z@4HA 100bfff4     bot_client.obj
 0003:00003ff8       ?theSentCoords@?1??execute@BotClient_NS_AlienInfo@@UAEXPAXH@Z@4HA 100bfff8     bot_client.obj
 0003:00003ffc       ?theX@?1??execute@BotClient_NS_AlienInfo@@UAEXPAXH@Z@4MA 100bfffc     bot_client.obj
 0003:00004000       ?theY@?1??execute@BotClient_NS_AlienInfo@@UAEXPAXH@Z@4MA 100c0000     bot_client.obj
 0003:00004004       ?theZ@?1??execute@BotClient_NS_AlienInfo@@UAEXPAXH@Z@4MA 100c0004     bot_client.obj
 0003:00004008       ?mStatus@?1??execute@BotClient_NS_AlienInfo@@UAEXPAXH@Z@4HA 100c0008     bot_client.obj
 0003:0000400c       ?mUnderAttack@?1??execute@BotClient_NS_AlienInfo@@UAEXPAXH@Z@4HA 100c000c     bot_client.obj
 0003:00004010       ?mTechnology@?1??execute@BotClient_NS_AlienInfo@@UAEXPAXH@Z@4HA 100c0010     bot_client.obj
 0003:00004014       ?read_states@?1??execute@BotClient_NS_AlienInfo@@UAEXPAXH@Z@4HA 100c0014     bot_client.obj
 0003:00004018       ?iTeam@?1??execute@BotClient_Generic_TeamScore@@UAEXPAXH@Z@4HA 100c0018     bot_client.obj
 0003:0000401c       ?iScore@?1??execute@BotClient_Generic_TeamScore@@UAEXPAXH@Z@4HA 100c001c     bot_client.obj
 0003:00004020       ?state@?1??execute@BotClient_NS_HudText@@UAEXPAXH@Z@4FA 100c0020     bot_client.obj
 0003:00004024       ?iImpulsemessage@?1??execute@BotClient_NS_SetTech@@UAEXPAXH@Z@4W4AvHMessageID@@A 100c0024     bot_client.obj
 0003:00004028       ?iSlot@?1??execute@BotClient_NS_SetTech@@UAEXPAXH@Z@4HA 100c0028     bot_client.obj
 0003:0000402c       ?iCost@?1??execute@BotClient_NS_SetTech@@UAEXPAXH@Z@4HA 100c002c     bot_client.obj
 0003:00004030       ?iRadius@?1??execute@BotClient_NS_SetTech@@UAEXPAXH@Z@4HA 100c0030     bot_client.obj
 0003:00004034       ?vOrigin@?1??execute@BotClient_NS_SetOrder@@UAEXPAXH@Z@4VVector@@A 100c0034     bot_client.obj
 0003:00004040       ?$S2@?1??execute@BotClient_NS_SetOrder@@UAEXPAXH@Z@4IA 100c0040     bot_client.obj
 0003:00004044       ?iReceiverIndexes@?1??execute@BotClient_NS_SetOrder@@UAEXPAXH@Z@4V?$dataStack@H@@A 100c0044     bot_client.obj
 0003:00004048       ?iOrderType@?1??execute@BotClient_NS_SetOrder@@UAEXPAXH@Z@4W4AvHOrderType@@A 100c0048     bot_client.obj
 0003:0000404c       ?iOrderTargetType@?1??execute@BotClient_NS_SetOrder@@UAEXPAXH@Z@4W4AvHOrderTargetType@@A 100c004c     bot_client.obj
 0003:00004050       ?iOrderStatus@?1??execute@BotClient_NS_SetOrder@@UAEXPAXH@Z@4HA 100c0050     bot_client.obj
 0003:00004054       ?iReceivers@?1??execute@BotClient_NS_SetOrder@@UAEXPAXH@Z@4HA 100c0054     bot_client.obj
 0003:00004058       ?iEntityUser3@?1??execute@BotClient_NS_SetOrder@@UAEXPAXH@Z@4HA 100c0058     bot_client.obj
 0003:0000405c       ?pEntity@?1??execute@BotClient_NS_SetOrder@@UAEXPAXH@Z@4PAUedict_s@@A 100c005c     bot_client.obj
 0003:00004060       ?killer_index@?1??execute@BotClient_Generic_DeathMessage@@UAEXPAXH@Z@4HA 100c0060     bot_client.obj
 0003:00004064       ?victim_index@?1??execute@BotClient_Generic_DeathMessage@@UAEXPAXH@Z@4HA 100c0064     bot_client.obj
 0003:00004068       ?szClassname@?1??execute@BotClient_Generic_WeaponList@@UAEXPAXH@Z@4PADA 100c0068     bot_client.obj
 0003:0000406c       ?iAmmo1Max@?1??execute@BotClient_Generic_WeaponList@@UAEXPAXH@Z@4HA 100c006c     bot_client.obj
 0003:00004070       ?iAmmo1@?1??execute@BotClient_Generic_WeaponList@@UAEXPAXH@Z@4HA 100c0070     bot_client.obj
 0003:00004074       ?iAmmo2Max@?1??execute@BotClient_Generic_WeaponList@@UAEXPAXH@Z@4HA 100c0074     bot_client.obj
 0003:00004078       ?iAmmo2@?1??execute@BotClient_Generic_WeaponList@@UAEXPAXH@Z@4HA 100c0078     bot_client.obj
 0003:0000407c       ?iSlot@?1??execute@BotClient_Generic_WeaponList@@UAEXPAXH@Z@4HA 100c007c     bot_client.obj
 0003:00004080       ?iPosition@?1??execute@BotClient_Generic_WeaponList@@UAEXPAXH@Z@4HA 100c0080     bot_client.obj
 0003:00004084       ?iId@?1??execute@BotClient_Generic_WeaponList@@UAEXPAXH@Z@4HA 100c0084     bot_client.obj
 0003:00004088       ?iFlags@?1??execute@BotClient_Generic_WeaponList@@UAEXPAXH@Z@4HA 100c0088     bot_client.obj
 0003:0000408c       ?iState@?1??execute@BotClient_Generic_CurrentWeapon@@UAEXPAXH@Z@4HA 100c008c     bot_client.obj
 0003:00004090       ?iId@?1??execute@BotClient_Generic_CurrentWeapon@@UAEXPAXH@Z@4HA 100c0090     bot_client.obj
 0003:00004094       ?iClip@?1??execute@BotClient_Generic_CurrentWeapon@@UAEXPAXH@Z@4HA 100c0094     bot_client.obj
 0003:00004098       ?index@?1??execute@BotClient_Generic_AmmoX@@UAEXPAXH@Z@4HA 100c0098     bot_client.obj
 0003:0000409c       ?amount@?1??execute@BotClient_Generic_AmmoX@@UAEXPAXH@Z@4HA 100c009c     bot_client.obj
 0003:000040a0       ?index@?1??execute@BotClient_Generic_AmmoPickup@@UAEXPAXH@Z@4HA 100c00a0     bot_client.obj
 0003:000040a4       ?amount@?1??execute@BotClient_Generic_AmmoPickup@@UAEXPAXH@Z@4HA 100c00a4     bot_client.obj
 0003:000040a8       ?damage_armor@?1??execute@BotClient_Generic_Damage@@UAEXPAXH@Z@4HA 100c00a8     bot_client.obj
 0003:000040ac       ?damage_taken@?1??execute@BotClient_Generic_Damage@@UAEXPAXH@Z@4HA 100c00ac     bot_client.obj
 0003:000040b0       ?damage_bits@?1??execute@BotClient_Generic_Damage@@UAEXPAXH@Z@4HA 100c00b0     bot_client.obj
 0003:000040b4       ?damage_origin@?1??execute@BotClient_Generic_Damage@@UAEXPAXH@Z@4VVector@@A 100c00b4     bot_client.obj
 0003:000040c0       ?$S3@?1??execute@BotClient_Generic_Damage@@UAEXPAXH@Z@4IA 100c00c0     bot_client.obj
 0003:000040c4       _allocator_arg             100c00c4     bot_combat.obj
 0003:000040c5       _piecewise_construct       100c00c5     bot_combat.obj
 0003:000040c6       _allocator_arg             100c00c6     bot_commands.obj
 0003:000040c7       _piecewise_construct       100c00c7     bot_commands.obj
 0003:000040c8       _allocator_arg             100c00c8     bot_ga.obj
 0003:000040c9       _piecewise_construct       100c00c9     bot_ga.obj
 0003:000040ca       _allocator_arg             100c00ca     bot_menu.obj
 0003:000040cb       _piecewise_construct       100c00cb     bot_menu.obj
 0003:000040cc       _allocator_arg             100c00cc     bot_navigate.obj
 0003:000040cd       _piecewise_construct       100c00cd     bot_navigate.obj
 0003:000040ce       _allocator_arg             100c00ce     bot_nn.obj
 0003:000040cf       _piecewise_construct       100c00cf     bot_nn.obj
 0003:000040d0       _allocator_arg             100c00d0     bot_rep.obj
 0003:000040d1       _piecewise_construct       100c00d1     bot_rep.obj
 0003:000040d2       _allocator_arg             100c00d2     bot_visibles.obj
 0003:000040d3       _piecewise_construct       100c00d3     bot_visibles.obj
 0003:000040d4       _allocator_arg             100c00d4     bot_weapons.obj
 0003:000040d5       _piecewise_construct       100c00d5     bot_weapons.obj
 0003:000040d6       _allocator_arg             100c00d6     client.obj
 0003:000040d7       _piecewise_construct       100c00d7     client.obj
 0003:000041a4       _allocator_arg             100c01a4     dll.obj
 0003:000041a5       _piecewise_construct       100c01a5     dll.obj
 0003:0009e4fc       ?pBot@?1??DispatchTouch@@YAXPAUedict_s@@0@Z@4PAVCBot@@A 1015a4fc     dll.obj
 0003:0009e500       ?pBot@?1??DispatchBlocked@@YAXPAUedict_s@@0@Z@4PAVCBot@@A 1015a500     dll.obj
 0003:0009e508       ?command@?1??FakeClientCommand@@YAXPAUedict_s@@PBDZZ@4PADA 1015a508     dll.obj
 0003:0009e608       ?bNotAlive@?1??Think@CBotCam@@QAEXXZ@4HA 1015a608     dll.obj
 0003:0009e60c       _allocator_arg             1015a60c     engine.obj
 0003:0009e60d       _piecewise_construct       1015a60d     engine.obj
 0003:0009e610       _fp                        1015a610     engine.obj
 0003:0009e618       ?arg@?1??GetArg@@YAPBDPBDH@Z@4PADA 1015a618     engine.obj
 0003:0009ea18       _allocator_arg             1015aa18     ga.obj
 0003:0009ea19       _piecewise_construct       1015aa19     ga.obj
 0003:0009ea1c       _allocator_arg             1015aa1c     globals.obj
 0003:0009ea1d       _piecewise_construct       1015aa1d     globals.obj
 0003:0009ea20       _fp                        1015aa20     globals.obj
 0003:0009ea24       ?iIndex@?1??StartFrame@CBotGlobals@@QAEXXZ@4HA 1015aa24     globals.obj
 0003:0009ea28       ?pBot@?1??StartFrame@CBotGlobals@@QAEXXZ@4PAVCBot@@A 1015aa28     globals.obj
 0003:0009ea2c       ?iNumClients@?1??StartFrame@CBotGlobals@@QAEXXZ@4HA 1015aa2c     globals.obj
 0003:0009ea30       ?bUpdateClientData@?1??StartFrame@CBotGlobals@@QAEXXZ@4HA 1015aa30     globals.obj
 0003:0009ea34       ?bCheckedTeamplay@?1??StartFrame@CBotGlobals@@QAEXXZ@4HA 1015aa34     globals.obj
 0003:0009ea38       _allocator_arg             1015aa38     megahal.obj
 0003:0009ea39       _piecewise_construct       1015aa39     megahal.obj
 0003:0009ea3c       ?output_template@?1??BotHALGenerateReply@@YAXPAVCBot@@PAD@Z@4PADA 1015aa3c     megahal.obj
 0003:0009ea40       ?keys@?1??BotHALMakeKeywords@@YAPAUHAL_DICTIONARY@@PAVCBot@@PAU2@@Z@4PAU2@A 1015aa40     megahal.obj
 0003:0009ea44       ?replies@?1??BotHALBuildReplyDictionary@@YAPAUHAL_DICTIONARY@@PAVCBot@@PAU2@@Z@4PAU2@A 1015aa44     megahal.obj
 0003:0009ea48       _allocator_arg             1015aa48     netmessages.obj
 0003:0009ea49       _piecewise_construct       1015aa49     netmessages.obj
 0003:0009ea4a       _allocator_arg             1015aa4a     perceptron.obj
 0003:0009ea4b       _piecewise_construct       1015aa4b     perceptron.obj
 0003:0009ef40       _allocator_arg             1015af40     rcbot_meta_api.obj
 0003:0009ef41       _piecewise_construct       1015af41     rcbot_meta_api.obj
 0003:0009ef42       _allocator_arg             1015af42     som.obj
 0003:0009ef43       _piecewise_construct       1015af43     som.obj
 0003:0009ef44       _allocator_arg             1015af44     util.obj
 0003:0009ef45       _piecewise_construct       1015af45     util.obj
 0003:0009ef48       ?string@?1??UTIL_LogPrintf@@YAXPADZZ@4PADA 1015af48     util.obj
 0003:0009f348       ?hudmessage@?1??UTIL_BotToolTip@@YAXPAUedict_s@@W4eLanguage@@W4eToolTip@@@Z@4VHudText@@A 1015b348     util.obj
 0003:0009f470       ?$S1@?1??UTIL_BotToolTip@@YAXPAUedict_s@@W4eLanguage@@W4eToolTip@@@Z@4IA 1015b470     util.obj
 0003:000a0480       _allocator_arg             1015c480     waypoint.obj
 0003:000a0481       _piecewise_construct       1015c481     waypoint.obj
 0003:000c448c       _fp                        1018048c     waypoint.obj
 0003:000c4490       _g_iFailedWaypoints        10180490     waypoint.obj
 0003:000c4890       __Tuple_alloc              10180890     libcpmt:xthrow.obj
 0003:000c4891       _ignore                    10180891     libcpmt:xthrow.obj
 0003:000c4892       _allocator_arg             10180892     libcpmt:xthrow.obj
 0003:000c4893       _piecewise_construct       10180893     libcpmt:xthrow.obj
 0003:000c48a4       _allocator_arg             101808a4     libcpmt:syserror.obj
 0003:000c48a5       _piecewise_construct       101808a5     libcpmt:syserror.obj
 0003:000c48ac       ___enable_percent_n        101808ac     LIBCMT:printf.obj
 0003:000c48e8       _GS_ExceptionRecord        101808e8     LIBCMT:gs_report.obj
 0003:000c4938       _GS_ContextRecord          10180938     LIBCMT:gs_report.obj
 0003:000c4c04       _DebuggerWasPresent        10180c04     LIBCMT:gs_report.obj
 0003:000c4c08       ___proc_attached           10180c08     LIBCMT:dllcrt0.obj
 0003:000c4d38       _lclcritsects              10180d38     LIBCMT:mlock.obj
 0003:000c4e90       ?outmsg@?9??_NMSG_WRITE@@9@9 10180e90     LIBCMT:crt0msg.obj
 0003:000c54c0       _ctrlc_action              101814c0     LIBCMT:winsig.obj
 0003:000c54c4       _ctrlbreak_action          101814c4     LIBCMT:winsig.obj
 0003:000c54c8       _abort_action              101814c8     LIBCMT:winsig.obj
 0003:000c54cc       _term_action               101814cc     LIBCMT:winsig.obj
 0003:000c54d0       _ConsoleCtrlHandler_Installed 101814d0     LIBCMT:winsig.obj
 0003:000c54d4       _g_pfnRtlGenRandom         101814d4     LIBCMT:rand_s.obj
 0003:000c54f0       _fSystemSet                101814f0     LIBCMT:mbctype.obj
 0003:000c5500       _lastTZ                    10181500     LIBCMT:tzset.obj
 0003:000c5504       ?first_time@?1??__tzset@@9@9 10181504     LIBCMT:tzset.obj
 0003:000c5508       _tzapiused                 10181508     LIBCMT:tzset.obj
 0003:000c5510       _tzinfo                    10181510     LIBCMT:tzset.obj
 0003:000c55c0       __pmatherr_set             101815c0     LIBCMT:libm_error.obj
 0003:000c55c4       ___type_info_root_node     101815c4     LIBCMT:typname.obj
 0003:000c55d0       ?_pgmname@?1??_setargv@@9@9 101815d0     LIBCMT:stdargv.obj
 0003:000c56dc       ___crtCallProc             101816dc     LIBCMT:winapinls.obj
 0003:000c56e8       ?pfnMessageBox@?1??__crtMessageBoxW@@9@9 101816e8     LIBCMT:crtmboxw.obj
 0003:000c56ec       ?pfnGetActiveWindow@?1??__crtMessageBoxW@@9@9 101816ec     LIBCMT:crtmboxw.obj
 0003:000c56f0       ?pfnGetLastActivePopup@?1??__crtMessageBoxW@@9@9 101816f0     LIBCMT:crtmboxw.obj
 0003:000c56f4       ?pfnGetProcessWindowStation@?1??__crtMessageBoxW@@9@9 101816f4     LIBCMT:crtmboxw.obj
 0003:000c56f8       ?pfnGetUserObjectInformation@?1??__crtMessageBoxW@@9@9 101816f8     LIBCMT:crtmboxw.obj
 0003:000c572c       _heap                      1018172c     LIBCMT:undname.obj
 0004:00000060       $R000000                   10183060     * linker generated manifest res *
